[INFO] Scanning for projects...
[INFO] 
[INFO] ------------< com.financetracker:personal-finance-tracker >-------------
[INFO] Building personal-finance-tracker 0.0.1-SNAPSHOT
[INFO]   from pom.xml
[INFO] --------------------------------[ jar ]---------------------------------
[INFO] 
[INFO] --- resources:3.3.1:resources (default-resources) @ personal-finance-tracker ---
[INFO] Copying 1 resource from src\main\resources to target\classes
[INFO] Copying 0 resource from src\main\resources to target\classes
[INFO] 
[INFO] --- compiler:3.13.0:compile (default-compile) @ personal-finance-tracker ---
[INFO] Recompiling the module because of added or removed source files.
[INFO] Compiling 48 source files with javac [debug parameters release 21] to target\classes
[INFO] /D:/Expense_Tracker-Spring-boot-And-React--main/src/main/java/com/financetracker/service/GoogleAuthService.java: D:\Expense_Tracker-Spring-boot-And-React--main\src\main\java\com\financetracker\service\GoogleAuthService.java uses or overrides a deprecated API.
[INFO] /D:/Expense_Tracker-Spring-boot-And-React--main/src/main/java/com/financetracker/service/GoogleAuthService.java: Recompile with -Xlint:deprecation for details.
[INFO] /D:/Expense_Tracker-Spring-boot-And-React--main/src/main/java/com/financetracker/service/GeminiService.java: D:\Expense_Tracker-Spring-boot-And-React--main\src\main\java\com\financetracker\service\GeminiService.java uses unchecked or unsafe operations.
[INFO] /D:/Expense_Tracker-Spring-boot-And-React--main/src/main/java/com/financetracker/service/GeminiService.java: Recompile with -Xlint:unchecked for details.
[INFO] 
[INFO] --- resources:3.3.1:testResources (default-testResources) @ personal-finance-tracker ---
[INFO] skip non existing resourceDirectory D:\Expense_Tracker-Spring-boot-And-React--main\src\test\resources
[INFO] 
[INFO] --- compiler:3.13.0:testCompile (default-testCompile) @ personal-finance-tracker ---
[INFO] Recompiling the module because of changed dependency.
[INFO] Compiling 2 source files with javac [debug parameters release 21] to target\test-classes
[INFO] 
[INFO] --- surefire:3.1.2:test (default-test) @ personal-finance-tracker ---
[INFO] Tests are skipped.
[INFO] 
[INFO] --- jar:3.3.0:jar (default-jar) @ personal-finance-tracker ---
[INFO] Building jar: D:\Expense_Tracker-Spring-boot-And-React--main\target\personal-finance-tracker-0.0.1-SNAPSHOT.jar
[INFO] 
[INFO] --- spring-boot:3.2.4:repackage (repackage) @ personal-finance-tracker ---
[INFO] Replacing main artifact D:\Expense_Tracker-Spring-boot-And-React--main\target\personal-finance-tracker-0.0.1-SNAPSHOT.jar with repackaged archive, adding nested dependencies in BOOT-INF/.
[INFO] The original artifact has been renamed to D:\Expense_Tracker-Spring-boot-And-React--main\target\personal-finance-tracker-0.0.1-SNAPSHOT.jar.original
[INFO] ------------------------------------------------------------------------
[INFO] BUILD SUCCESS
[INFO] ------------------------------------------------------------------------
[INFO] Total time:  6.362 s
[INFO] Finished at: 2026-04-22T03:16:02+05:30
[INFO] ------------------------------------------------------------------------
