Apache Maven 3.9.13 (39d686bd50d8e054301e3a68ad44781df6f80dda)
Maven home: C:\Users\Asus\.m2\wrapper\dists\apache-maven-3.9.13\539b50bf62ae5fbdef8b06a7b0f2c7264e1db6874cf7101c3590bfd01369a1c2
Java version: 25.0.2, vendor: Oracle Corporation, runtime: C:\Program Files\Java\latest\jdk-21
Default locale: en_IN, platform encoding: UTF-8
OS name: "windows 11", version: "10.0", arch: "amd64", family: "windows"
[DEBUG] Created new class realm maven.api
[DEBUG] Importing foreign packages into class realm maven.api
[DEBUG]   Imported: javax.annotation.* < plexus.core
[DEBUG]   Imported: javax.annotation.security.* < plexus.core
[DEBUG]   Imported: javax.inject.* < plexus.core
[DEBUG]   Imported: org.apache.maven.* < plexus.core
[DEBUG]   Imported: org.apache.maven.artifact < plexus.core
[DEBUG]   Imported: org.apache.maven.classrealm < plexus.core
[DEBUG]   Imported: org.apache.maven.cli < plexus.core
[DEBUG]   Imported: org.apache.maven.configuration < plexus.core
[DEBUG]   Imported: org.apache.maven.exception < plexus.core
[DEBUG]   Imported: org.apache.maven.execution < plexus.core
[DEBUG]   Imported: org.apache.maven.execution.scope < plexus.core
[DEBUG]   Imported: org.apache.maven.graph < plexus.core
[DEBUG]   Imported: org.apache.maven.lifecycle < plexus.core
[DEBUG]   Imported: org.apache.maven.model < plexus.core
[DEBUG]   Imported: org.apache.maven.monitor < plexus.core
[DEBUG]   Imported: org.apache.maven.plugin < plexus.core
[DEBUG]   Imported: org.apache.maven.profiles < plexus.core
[DEBUG]   Imported: org.apache.maven.project < plexus.core
[DEBUG]   Imported: org.apache.maven.reporting < plexus.core
[DEBUG]   Imported: org.apache.maven.repository < plexus.core
[DEBUG]   Imported: org.apache.maven.rtinfo < plexus.core
[DEBUG]   Imported: org.apache.maven.settings < plexus.core
[DEBUG]   Imported: org.apache.maven.toolchain < plexus.core
[DEBUG]   Imported: org.apache.maven.usability < plexus.core
[DEBUG]   Imported: org.apache.maven.wagon.* < plexus.core
[DEBUG]   Imported: org.apache.maven.wagon.authentication < plexus.core
[DEBUG]   Imported: org.apache.maven.wagon.authorization < plexus.core
[DEBUG]   Imported: org.apache.maven.wagon.events < plexus.core
[DEBUG]   Imported: org.apache.maven.wagon.observers < plexus.core
[DEBUG]   Imported: org.apache.maven.wagon.proxy < plexus.core
[DEBUG]   Imported: org.apache.maven.wagon.repository < plexus.core
[DEBUG]   Imported: org.apache.maven.wagon.resource < plexus.core
[DEBUG]   Imported: org.codehaus.classworlds < plexus.core
[DEBUG]   Imported: org.codehaus.plexus.* < plexus.core
[DEBUG]   Imported: org.codehaus.plexus.classworlds < plexus.core
[DEBUG]   Imported: org.codehaus.plexus.component < plexus.core
[DEBUG]   Imported: org.codehaus.plexus.configuration < plexus.core
[DEBUG]   Imported: org.codehaus.plexus.container < plexus.core
[DEBUG]   Imported: org.codehaus.plexus.context < plexus.core
[DEBUG]   Imported: org.codehaus.plexus.lifecycle < plexus.core
[DEBUG]   Imported: org.codehaus.plexus.logging < plexus.core
[DEBUG]   Imported: org.codehaus.plexus.personality < plexus.core
[DEBUG]   Imported: org.codehaus.plexus.util.xml.Xpp3Dom < plexus.core
[DEBUG]   Imported: org.codehaus.plexus.util.xml.pull.XmlPullParser < plexus.core
[DEBUG]   Imported: org.codehaus.plexus.util.xml.pull.XmlPullParserException < plexus.core
[DEBUG]   Imported: org.codehaus.plexus.util.xml.pull.XmlSerializer < plexus.core
[DEBUG]   Imported: org.eclipse.aether.* < plexus.core
[DEBUG]   Imported: org.eclipse.aether.artifact < plexus.core
[DEBUG]   Imported: org.eclipse.aether.collection < plexus.core
[DEBUG]   Imported: org.eclipse.aether.deployment < plexus.core
[DEBUG]   Imported: org.eclipse.aether.graph < plexus.core
[DEBUG]   Imported: org.eclipse.aether.impl < plexus.core
[DEBUG]   Imported: org.eclipse.aether.installation < plexus.core
[DEBUG]   Imported: org.eclipse.aether.internal.impl < plexus.core
[DEBUG]   Imported: org.eclipse.aether.metadata < plexus.core
[DEBUG]   Imported: org.eclipse.aether.repository < plexus.core
[DEBUG]   Imported: org.eclipse.aether.resolution < plexus.core
[DEBUG]   Imported: org.eclipse.aether.spi < plexus.core
[DEBUG]   Imported: org.eclipse.aether.transfer < plexus.core
[DEBUG]   Imported: org.eclipse.aether.util < plexus.core
[DEBUG]   Imported: org.eclipse.aether.version < plexus.core
[DEBUG]   Imported: org.fusesource.jansi.* < plexus.core
[DEBUG]   Imported: org.slf4j.* < plexus.core
[DEBUG]   Imported: org.slf4j.event.* < plexus.core
[DEBUG]   Imported: org.slf4j.helpers.* < plexus.core
[DEBUG]   Imported: org.slf4j.spi.* < plexus.core
[DEBUG] Populating class realm maven.api
[DEBUG] Created adapter factory; available factories [file-lock, rwlock-local, semaphore-local, noop]; available name mappers [discriminating, file-gaecv, file-gav, file-hgaecv, file-hgav, file-static, gaecv, gav, static]
[INFO] Error stacktraces are turned on.
[DEBUG] Message scheme: color
[DEBUG] Message styles: debug info warning error success failure strong mojo project
[DEBUG] Reading global settings from C:\Users\Asus\.m2\wrapper\dists\apache-maven-3.9.13\539b50bf62ae5fbdef8b06a7b0f2c7264e1db6874cf7101c3590bfd01369a1c2\conf\settings.xml
[DEBUG] Reading user settings from C:\Users\Asus\.m2\settings.xml
[DEBUG] Reading global toolchains from C:\Users\Asus\.m2\wrapper\dists\apache-maven-3.9.13\539b50bf62ae5fbdef8b06a7b0f2c7264e1db6874cf7101c3590bfd01369a1c2\conf\toolchains.xml
[DEBUG] Reading user toolchains from C:\Users\Asus\.m2\toolchains.xml
[DEBUG] Using local repository at C:\Users\Asus\.m2\repository
[DEBUG] Using manager EnhancedLocalRepositoryManager with priority 10.0 for C:\Users\Asus\.m2\repository
[INFO] Scanning for projects...
[DEBUG] Creating adapter using nameMapper 'gaecv' and factory 'rwlock-local'
[DEBUG] Extension realms for project com.financetracker:personal-finance-tracker:jar:0.0.1-SNAPSHOT: (none)
[DEBUG] Looking up lifecycle mappings for packaging jar from ClassRealm[plexus.core, parent: null]
[DEBUG] Extension realms for project org.springframework.boot:spring-boot-starter-parent:pom:3.2.4: (none)
[DEBUG] Looking up lifecycle mappings for packaging pom from ClassRealm[plexus.core, parent: null]
[DEBUG] Extension realms for project org.springframework.boot:spring-boot-dependencies:pom:3.2.4: (none)
[DEBUG] Looking up lifecycle mappings for packaging pom from ClassRealm[plexus.core, parent: null]
[DEBUG] === REACTOR BUILD PLAN ================================================
[DEBUG] Project: com.financetracker:personal-finance-tracker:jar:0.0.1-SNAPSHOT
[DEBUG] Tasks:   [clean, compile]
[DEBUG] Style:   Regular
[DEBUG] =======================================================================
[INFO] 
[INFO] ------------< com.financetracker:personal-finance-tracker >-------------
[INFO] Building personal-finance-tracker 0.0.1-SNAPSHOT
[INFO]   from pom.xml
[INFO] --------------------------------[ jar ]---------------------------------
[DEBUG] Lifecycle clean -> [pre-clean, clean, post-clean]
[DEBUG] Lifecycle default -> [validate, initialize, generate-sources, process-sources, generate-resources, process-resources, compile, process-classes, generate-test-sources, process-test-sources, generate-test-resources, process-test-resources, test-compile, process-test-classes, test, prepare-package, package, pre-integration-test, integration-test, post-integration-test, verify, install, deploy]
[DEBUG] Lifecycle site -> [pre-site, site, post-site, site-deploy]
[DEBUG] Lifecycle clean -> [pre-clean, clean, post-clean]
[DEBUG] Lifecycle default -> [validate, initialize, generate-sources, process-sources, generate-resources, process-resources, compile, process-classes, generate-test-sources, process-test-sources, generate-test-resources, process-test-resources, test-compile, process-test-classes, test, prepare-package, package, pre-integration-test, integration-test, post-integration-test, verify, install, deploy]
[DEBUG] Lifecycle site -> [pre-site, site, post-site, site-deploy]
[DEBUG] Lifecycle clean -> [pre-clean, clean, post-clean]
[DEBUG] Lifecycle default -> [validate, initialize, generate-sources, process-sources, generate-resources, process-resources, compile, process-classes, generate-test-sources, process-test-sources, generate-test-resources, process-test-resources, test-compile, process-test-classes, test, prepare-package, package, pre-integration-test, integration-test, post-integration-test, verify, install, deploy]
[DEBUG] Lifecycle site -> [pre-site, site, post-site, site-deploy]
[DEBUG] Lifecycle clean -> [pre-clean, clean, post-clean]
[DEBUG] Lifecycle default -> [validate, initialize, generate-sources, process-sources, generate-resources, process-resources, compile, process-classes, generate-test-sources, process-test-sources, generate-test-resources, process-test-resources, test-compile, process-test-classes, test, prepare-package, package, pre-integration-test, integration-test, post-integration-test, verify, install, deploy]
[DEBUG] Lifecycle site -> [pre-site, site, post-site, site-deploy]
[DEBUG] Lifecycle clean -> [pre-clean, clean, post-clean]
[DEBUG] Lifecycle default -> [validate, initialize, generate-sources, process-sources, generate-resources, process-resources, compile, process-classes, generate-test-sources, process-test-sources, generate-test-resources, process-test-resources, test-compile, process-test-classes, test, prepare-package, package, pre-integration-test, integration-test, post-integration-test, verify, install, deploy]
[DEBUG] Lifecycle site -> [pre-site, site, post-site, site-deploy]
[DEBUG] === PROJECT BUILD PLAN ================================================
[DEBUG] Project:       com.financetracker:personal-finance-tracker:0.0.1-SNAPSHOT
[DEBUG] Dependencies (collect): []
[DEBUG] Dependencies (resolve): [compile]
[DEBUG] Repositories (dependencies): [central (https://repo.maven.apache.org/maven2, default, releases)]
[DEBUG] Repositories (plugins)     : [central (https://repo.maven.apache.org/maven2, default, releases)]
[DEBUG] -----------------------------------------------------------------------
[DEBUG] Goal:          org.apache.maven.plugins:maven-clean-plugin:3.3.2:clean (default-clean)
[DEBUG] Style:         Regular
[DEBUG] Configuration: <?xml version="1.0" encoding="UTF-8"?>
<configuration>
  <directory default-value="${project.build.directory}"/>
  <excludeDefaultDirectories default-value="false">${maven.clean.excludeDefaultDirectories}</excludeDefaultDirectories>
  <failOnError default-value="true">${maven.clean.failOnError}</failOnError>
  <fast default-value="false">${maven.clean.fast}</fast>
  <fastDir>${maven.clean.fastDir}</fastDir>
  <fastMode default-value="background">${maven.clean.fastMode}</fastMode>
  <followSymLinks default-value="false">${maven.clean.followSymLinks}</followSymLinks>
  <outputDirectory default-value="${project.build.outputDirectory}"/>
  <reportDirectory default-value="${project.build.outputDirectory}"/>
  <retryOnError default-value="true">${maven.clean.retryOnError}</retryOnError>
  <session default-value="${session}"/>
  <skip default-value="false">${maven.clean.skip}</skip>
  <testOutputDirectory default-value="${project.build.testOutputDirectory}"/>
  <verbose>${maven.clean.verbose}</verbose>
</configuration>
[DEBUG] -----------------------------------------------------------------------
[DEBUG] Goal:          org.apache.maven.plugins:maven-resources-plugin:3.3.1:resources (default-resources)
[DEBUG] Style:         Regular
[DEBUG] Configuration: <?xml version="1.0" encoding="UTF-8"?>
<configuration>
  <addDefaultExcludes default-value="true"/>
  <buildFilters default-value="${project.build.filters}"/>
  <delimiters>
    <delimiter>@</delimiter>
  </delimiters>
  <encoding default-value="${project.build.sourceEncoding}"/>
  <escapeWindowsPaths default-value="true"/>
  <fileNameFiltering default-value="false"/>
  <includeEmptyDirs default-value="false"/>
  <outputDirectory default-value="${project.build.outputDirectory}"/>
  <overwrite default-value="false"/>
  <project default-value="${project}"/>
  <propertiesEncoding>UTF-8</propertiesEncoding>
  <resources default-value="${project.resources}"/>
  <session default-value="${session}"/>
  <skip default-value="false">${maven.resources.skip}</skip>
  <supportMultiLineFiltering default-value="false"/>
  <useBuildFilters default-value="true"/>
  <useDefaultDelimiters default-value="true">false</useDefaultDelimiters>
</configuration>
[DEBUG] -----------------------------------------------------------------------
[DEBUG] Goal:          org.apache.maven.plugins:maven-compiler-plugin:3.13.0:compile (default-compile)
[DEBUG] Style:         Regular
[DEBUG] Configuration: <?xml version="1.0" encoding="UTF-8"?>
<configuration>
  <annotationProcessorPathsUseDepMgmt default-value="false"/>
  <basedir default-value="${basedir}"/>
  <buildDirectory default-value="${project.build.directory}"/>
  <compilePath default-value="${project.compileClasspathElements}"/>
  <compileSourceRoots default-value="${project.compileSourceRoots}"/>
  <compilerArgs>
    <arg>-parameters</arg>
  </compilerArgs>
  <compilerId default-value="javac">${maven.compiler.compilerId}</compilerId>
  <compilerReuseStrategy default-value="${reuseCreated}">${maven.compiler.compilerReuseStrategy}</compilerReuseStrategy>
  <compilerVersion>${maven.compiler.compilerVersion}</compilerVersion>
  <createMissingPackageInfoClass default-value="true">${maven.compiler.createMissingPackageInfoClass}</createMissingPackageInfoClass>
  <debug default-value="true">${maven.compiler.debug}</debug>
  <debugFileName default-value="javac"/>
  <debuglevel>${maven.compiler.debuglevel}</debuglevel>
  <enablePreview default-value="false">${maven.compiler.enablePreview}</enablePreview>
  <encoding default-value="${project.build.sourceEncoding}">${encoding}</encoding>
  <executable>${maven.compiler.executable}</executable>
  <failOnError default-value="true">${maven.compiler.failOnError}</failOnError>
  <failOnWarning default-value="false">${maven.compiler.failOnWarning}</failOnWarning>
  <fileExtensions default-value="class,jar"/>
  <forceJavacCompilerUse default-value="false">${maven.compiler.forceJavacCompilerUse}</forceJavacCompilerUse>
  <forceLegacyJavacApi default-value="false">${maven.compiler.forceLegacyJavacApi}</forceLegacyJavacApi>
  <fork default-value="false">${maven.compiler.fork}</fork>
  <generatedSourcesDirectory default-value="${project.build.directory}/generated-sources/annotations"/>
  <implicit>${maven.compiler.implicit}</implicit>
  <maxmem>${maven.compiler.maxmem}</maxmem>
  <meminitial>${maven.compiler.meminitial}</meminitial>
  <mojoExecution default-value="${mojoExecution}"/>
  <optimize default-value="false">${maven.compiler.optimize}</optimize>
  <outputDirectory default-value="${project.build.outputDirectory}">${maven.compiler.outputDirectory}</outputDirectory>
  <outputTimestamp default-value="${project.build.outputTimestamp}"/>
  <parameters default-value="false">true</parameters>
  <proc>${maven.compiler.proc}</proc>
  <project default-value="${project}"/>
  <projectArtifact default-value="${project.artifact}"/>
  <release>21</release>
  <session default-value="${session}"/>
  <showCompilationChanges default-value="false">${maven.compiler.showCompilationChanges}</showCompilationChanges>
  <showDeprecation default-value="false">${maven.compiler.showDeprecation}</showDeprecation>
  <showWarnings default-value="true">${maven.compiler.showWarnings}</showWarnings>
  <skipMain>${maven.main.skip}</skipMain>
  <skipMultiThreadWarning default-value="false">${maven.compiler.skipMultiThreadWarning}</skipMultiThreadWarning>
  <source default-value="1.8">${maven.compiler.source}</source>
  <staleMillis default-value="0">${lastModGranularityMs}</staleMillis>
  <target default-value="1.8">${maven.compiler.target}</target>
  <useIncrementalCompilation default-value="true">${maven.compiler.useIncrementalCompilation}</useIncrementalCompilation>
  <verbose default-value="false">${maven.compiler.verbose}</verbose>
</configuration>
[DEBUG] =======================================================================
[DEBUG] Using mirror maven-default-http-blocker (http://0.0.0.0/) for ow2-snapshot (http://repository.ow2.org/nexus/content/repositories/snapshots).
[DEBUG] Using mirror maven-default-http-blocker (http://0.0.0.0/) for apache.snapshots (http://repository.apache.org/snapshots).
[DEBUG] Using mirror maven-default-http-blocker (http://0.0.0.0/) for vaadin-snapshots (http://oss.sonatype.org/content/repositories/vaadin-snapshots/).
[DEBUG] Using mirror maven-default-http-blocker (http://0.0.0.0/) for vaadin-releases (http://oss.sonatype.org/content/repositories/vaadin-releases/).
[DEBUG] Dependency collection stats {ConflictMarker.analyzeTime=850800, ConflictMarker.markTime=242400, ConflictMarker.nodeCount=364, ConflictIdSorter.graphTime=675300, ConflictIdSorter.topsortTime=343000, ConflictIdSorter.conflictIdCount=146, ConflictIdSorter.conflictIdCycleCount=0, ConflictResolver.totalTime=9793200, ConflictResolver.conflictItemCount=308, DfDependencyCollector.collectTime=607999200, DfDependencyCollector.transformTime=13408800}
[DEBUG] com.financetracker:personal-finance-tracker:jar:0.0.1-SNAPSHOT
[DEBUG]    org.springframework.boot:spring-boot-starter-data-jpa:jar:3.2.4:compile
[DEBUG]       org.springframework.boot:spring-boot-starter-jdbc:jar:3.2.4:compile (version managed from 3.2.4)
[DEBUG]          com.zaxxer:HikariCP:jar:5.0.1:compile (version managed from 5.0.1)
[DEBUG]          org.springframework:spring-jdbc:jar:6.1.5:compile (version managed from 6.1.5)
[DEBUG]       org.hibernate.orm:hibernate-core:jar:6.4.4.Final:compile (version managed from 6.4.4.Final)
[DEBUG]          jakarta.persistence:jakarta.persistence-api:jar:3.1.0:compile (version managed from 3.1.0)
[DEBUG]          jakarta.transaction:jakarta.transaction-api:jar:2.0.1:compile (version managed from 2.0.1)
[DEBUG]          org.jboss.logging:jboss-logging:jar:3.5.3.Final:compile (version managed from 3.5.0.Final)
[DEBUG]          org.hibernate.common:hibernate-commons-annotations:jar:6.0.6.Final:runtime
[DEBUG]          io.smallrye:jandex:jar:3.1.2:runtime
[DEBUG]          com.fasterxml:classmate:jar:1.6.0:compile (version managed from 1.5.1)
[DEBUG]          net.bytebuddy:byte-buddy:jar:1.14.12:runtime (version managed from 1.14.11)
[DEBUG]          org.glassfish.jaxb:jaxb-runtime:jar:4.0.5:runtime (version managed from 4.0.2)
[DEBUG]             org.glassfish.jaxb:jaxb-core:jar:4.0.5:runtime (version managed from 4.0.5)
[DEBUG]                org.eclipse.angus:angus-activation:jar:2.0.2:runtime (version managed from 2.0.2)
[DEBUG]                org.glassfish.jaxb:txw2:jar:4.0.5:runtime (version managed from 4.0.5)
[DEBUG]                com.sun.istack:istack-commons-runtime:jar:4.1.2:runtime (version managed from 4.1.2)
[DEBUG]          jakarta.inject:jakarta.inject-api:jar:2.0.1:runtime
[DEBUG]          org.antlr:antlr4-runtime:jar:4.13.0:compile
[DEBUG]       org.springframework.data:spring-data-jpa:jar:3.2.4:compile (version managed from 3.2.4)
[DEBUG]          org.springframework.data:spring-data-commons:jar:3.2.4:compile (version managed from 3.2.4)
[DEBUG]          org.springframework:spring-orm:jar:6.1.5:compile (version managed from 6.1.5)
[DEBUG]          org.springframework:spring-context:jar:6.1.5:compile (version managed from 6.1.5)
[DEBUG]          org.springframework:spring-tx:jar:6.1.5:compile (version managed from 6.1.5)
[DEBUG]          org.springframework:spring-beans:jar:6.1.5:compile (version managed from 6.1.5)
[DEBUG]          jakarta.annotation:jakarta.annotation-api:jar:2.1.1:compile (version managed from 2.0.0)
[DEBUG]       org.springframework:spring-aspects:jar:6.1.5:compile (version managed from 6.1.5)
[DEBUG]    org.springframework.boot:spring-boot-starter-aop:jar:3.2.4:compile
[DEBUG]       org.springframework.boot:spring-boot-starter:jar:3.2.4:compile (version managed from 3.2.4)
[DEBUG]          org.springframework.boot:spring-boot:jar:3.2.4:compile (version managed from 3.2.4)
[DEBUG]          org.springframework.boot:spring-boot-autoconfigure:jar:3.2.4:compile (version managed from 3.2.4)
[DEBUG]          org.springframework.boot:spring-boot-starter-logging:jar:3.2.4:compile (version managed from 3.2.4)
[DEBUG]             ch.qos.logback:logback-classic:jar:1.4.14:compile (version managed from 1.4.14)
[DEBUG]                ch.qos.logback:logback-core:jar:1.4.14:compile (version managed from 1.4.14)
[DEBUG]             org.apache.logging.log4j:log4j-to-slf4j:jar:2.21.1:compile (version managed from 2.21.1)
[DEBUG]                org.apache.logging.log4j:log4j-api:jar:2.21.1:compile (version managed from 2.21.1)
[DEBUG]             org.slf4j:jul-to-slf4j:jar:2.0.12:compile (version managed from 2.0.12)
[DEBUG]          org.yaml:snakeyaml:jar:2.2:compile (version managed from 2.2)
[DEBUG]       org.springframework:spring-aop:jar:6.1.5:compile (version managed from 6.1.5)
[DEBUG]       org.aspectj:aspectjweaver:jar:1.9.21:compile (version managed from 1.9.21)
[DEBUG]    org.springframework.data:spring-data-envers:jar:3.2.4:compile
[DEBUG]       org.hibernate.orm:hibernate-envers:jar:6.4.4.Final:compile (version managed from 6.4.4.Final)
[DEBUG]       org.slf4j:slf4j-api:jar:2.0.12:compile (version managed from 2.0.2)
[DEBUG]    org.springframework.boot:spring-boot-starter-security:jar:3.2.4:compile
[DEBUG]       org.springframework.security:spring-security-config:jar:6.2.3:compile (version managed from 6.2.3)
[DEBUG]       org.springframework.security:spring-security-web:jar:6.2.3:compile (version managed from 6.2.3)
[DEBUG]          org.springframework:spring-expression:jar:6.1.5:compile (version managed from 6.1.5)
[DEBUG]    org.springframework.boot:spring-boot-starter-web:jar:3.2.4:compile
[DEBUG]       org.springframework.boot:spring-boot-starter-json:jar:3.2.4:compile (version managed from 3.2.4)
[DEBUG]          com.fasterxml.jackson.datatype:jackson-datatype-jdk8:jar:2.15.4:compile (version managed from 2.15.4)
[DEBUG]          com.fasterxml.jackson.datatype:jackson-datatype-jsr310:jar:2.15.4:compile (version managed from 2.15.4)
[DEBUG]          com.fasterxml.jackson.module:jackson-module-parameter-names:jar:2.15.4:compile (version managed from 2.15.4)
[DEBUG]       org.springframework.boot:spring-boot-starter-tomcat:jar:3.2.4:compile (version managed from 3.2.4)
[DEBUG]          org.apache.tomcat.embed:tomcat-embed-core:jar:10.1.19:compile (version managed from 10.1.19)
[DEBUG]          org.apache.tomcat.embed:tomcat-embed-websocket:jar:10.1.19:compile (version managed from 10.1.19)
[DEBUG]       org.springframework:spring-web:jar:6.1.5:compile (version managed from 6.1.5)
[DEBUG]          io.micrometer:micrometer-observation:jar:1.12.4:compile (version managed from 1.12.4)
[DEBUG]             io.micrometer:micrometer-commons:jar:1.12.4:compile (version managed from 1.12.4)
[DEBUG]       org.springframework:spring-webmvc:jar:6.1.5:compile (version managed from 6.1.5)
[DEBUG]    org.springframework.boot:spring-boot-starter-validation:jar:3.2.4:compile
[DEBUG]       org.apache.tomcat.embed:tomcat-embed-el:jar:10.1.19:compile (version managed from 10.1.19)
[DEBUG]       org.hibernate.validator:hibernate-validator:jar:8.0.1.Final:compile (version managed from 8.0.1.Final)
[DEBUG]          jakarta.validation:jakarta.validation-api:jar:3.0.2:compile (version managed from 3.0.2)
[DEBUG]    org.springframework.boot:spring-boot-starter-oauth2-client:jar:3.2.4:compile
[DEBUG]       org.springframework.security:spring-security-core:jar:6.2.3:compile (version managed from 6.2.3)
[DEBUG]          org.springframework.security:spring-security-crypto:jar:6.2.3:compile (version managed from 6.2.3)
[DEBUG]       org.springframework.security:spring-security-oauth2-client:jar:6.2.3:compile (version managed from 6.2.3)
[DEBUG]          org.springframework.security:spring-security-oauth2-core:jar:6.2.3:compile (version managed from 6.2.3)
[DEBUG]          com.nimbusds:oauth2-oidc-sdk:jar:9.43.3:compile
[DEBUG]             com.github.stephenc.jcip:jcip-annotations:jar:1.0-1:compile
[DEBUG]             com.nimbusds:content-type:jar:2.2:compile
[DEBUG]             com.nimbusds:lang-tag:jar:1.7:compile
[DEBUG]       org.springframework.security:spring-security-oauth2-jose:jar:6.2.3:compile (version managed from 6.2.3)
[DEBUG]          com.nimbusds:nimbus-jose-jwt:jar:9.24.4:compile
[DEBUG]    com.mysql:mysql-connector-j:jar:8.3.0:runtime (exclusions managed from [com.google.protobuf:protobuf-java:*:*])
[DEBUG]    org.projectlombok:lombok:jar:1.18.30:compile (optional)
[DEBUG]    io.jsonwebtoken:jjwt-api:jar:0.11.5:compile
[DEBUG]    io.jsonwebtoken:jjwt-impl:jar:0.11.5:runtime
[DEBUG]    io.jsonwebtoken:jjwt-jackson:jar:0.11.5:runtime
[DEBUG]       com.fasterxml.jackson.core:jackson-databind:jar:2.15.4:compile (version managed from 2.12.6.1)
[DEBUG]          com.fasterxml.jackson.core:jackson-annotations:jar:2.15.4:compile (version managed from 2.15.4)
[DEBUG]    com.google.api-client:google-api-client:jar:2.6.0:compile
[DEBUG]       commons-codec:commons-codec:jar:1.16.1:compile (version managed from 1.17.0)
[DEBUG]       com.google.oauth-client:google-oauth-client:jar:1.36.0:compile
[DEBUG]       com.google.auth:google-auth-library-credentials:jar:1.23.0:compile
[DEBUG]       com.google.auth:google-auth-library-oauth2-http:jar:1.23.0:compile
[DEBUG]          com.google.auto.value:auto-value-annotations:jar:1.10.4:compile
[DEBUG]          com.google.errorprone:error_prone_annotations:jar:2.18.0:compile
[DEBUG]       com.google.http-client:google-http-client-gson:jar:1.44.2:compile
[DEBUG]          com.google.code.gson:gson:jar:2.10.1:compile (version managed from 2.10.1)
[DEBUG]       com.google.guava:guava:jar:33.1.0-jre:compile
[DEBUG]          com.google.guava:failureaccess:jar:1.0.2:compile
[DEBUG]          com.google.guava:listenablefuture:jar:9999.0-empty-to-avoid-conflict-with-guava:compile
[DEBUG]          org.checkerframework:checker-qual:jar:3.42.0:compile
[DEBUG]          com.google.j2objc:j2objc-annotations:jar:3.0.0:compile
[DEBUG]       com.google.http-client:google-http-client-apache-v2:jar:1.44.2:compile
[DEBUG]       org.apache.httpcomponents:httpcore:jar:4.4.16:compile (version managed from 4.4.16)
[DEBUG]       org.apache.httpcomponents:httpclient:jar:4.5.14:compile
[DEBUG]          commons-logging:commons-logging:jar:1.2:compile
[DEBUG]       com.google.http-client:google-http-client:jar:1.44.2:compile
[DEBUG]          io.grpc:grpc-context:jar:1.60.1:compile
[DEBUG]             io.grpc:grpc-api:jar:1.60.1:runtime
[DEBUG]          io.opencensus:opencensus-api:jar:0.31.1:compile
[DEBUG]          io.opencensus:opencensus-contrib-http-util:jar:0.31.1:compile
[DEBUG]    com.google.http-client:google-http-client-jackson2:jar:1.44.2:compile
[DEBUG]       com.fasterxml.jackson.core:jackson-core:jar:2.15.4:compile (version managed from 2.14.2)
[DEBUG]    com.opencsv:opencsv:jar:5.9:compile
[DEBUG]       org.apache.commons:commons-lang3:jar:3.13.0:compile (version managed from 3.13.0)
[DEBUG]       org.apache.commons:commons-text:jar:1.11.0:compile
[DEBUG]       commons-beanutils:commons-beanutils:jar:1.9.4:compile
[DEBUG]          commons-collections:commons-collections:jar:3.2.2:compile
[DEBUG]       org.apache.commons:commons-collections4:jar:4.4:compile
[DEBUG]    com.github.librepdf:openpdf:jar:1.3.30:compile
[DEBUG]       com.google.code.findbugs:jsr305:jar:3.0.2:compile
[DEBUG]    org.springframework.boot:spring-boot-starter-test:jar:3.2.4:test
[DEBUG]       org.springframework.boot:spring-boot-test:jar:3.2.4:test (version managed from 3.2.4)
[DEBUG]       org.springframework.boot:spring-boot-test-autoconfigure:jar:3.2.4:test (version managed from 3.2.4)
[DEBUG]       com.jayway.jsonpath:json-path:jar:2.9.0:test (version managed from 2.9.0)
[DEBUG]       jakarta.xml.bind:jakarta.xml.bind-api:jar:4.0.2:runtime (version managed from 4.0.2)
[DEBUG]          jakarta.activation:jakarta.activation-api:jar:2.1.3:runtime (version managed from 2.1.3)
[DEBUG]       net.minidev:json-smart:jar:2.5.0:compile (version managed from 2.5.0)
[DEBUG]          net.minidev:accessors-smart:jar:2.5.0:compile
[DEBUG]             org.ow2.asm:asm:jar:9.3:compile
[DEBUG]       org.assertj:assertj-core:jar:3.24.2:test (version managed from 3.24.2)
[DEBUG]       org.awaitility:awaitility:jar:4.2.0:test (version managed from 4.2.0)
[DEBUG]       org.hamcrest:hamcrest:jar:2.2:test (version managed from 2.2)
[DEBUG]       org.junit.jupiter:junit-jupiter:jar:5.10.2:test (version managed from 5.10.2)
[DEBUG]          org.junit.jupiter:junit-jupiter-api:jar:5.10.2:test (version managed from 5.10.2)
[DEBUG]             org.opentest4j:opentest4j:jar:1.3.0:test
[DEBUG]             org.junit.platform:junit-platform-commons:jar:1.10.2:test (version managed from 1.10.2)
[DEBUG]             org.apiguardian:apiguardian-api:jar:1.1.2:test
[DEBUG]          org.junit.jupiter:junit-jupiter-params:jar:5.10.2:test (version managed from 5.10.2)
[DEBUG]          org.junit.jupiter:junit-jupiter-engine:jar:5.10.2:test (version managed from 5.10.2)
[DEBUG]             org.junit.platform:junit-platform-engine:jar:1.10.2:test (version managed from 1.10.2)
[DEBUG]       org.mockito:mockito-core:jar:5.7.0:test (version managed from 5.7.0)
[DEBUG]          net.bytebuddy:byte-buddy-agent:jar:1.14.12:test (version managed from 1.14.9)
[DEBUG]          org.objenesis:objenesis:jar:3.3:test
[DEBUG]       org.mockito:mockito-junit-jupiter:jar:5.7.0:test (version managed from 5.7.0)
[DEBUG]       org.skyscreamer:jsonassert:jar:1.5.1:test (version managed from 1.5.1)
[DEBUG]          com.vaadin.external.google:android-json:jar:0.0.20131108.vaadin1:test
[DEBUG]       org.springframework:spring-core:jar:6.1.5:compile (version managed from 6.1.5)
[DEBUG]          org.springframework:spring-jcl:jar:6.1.5:compile (version managed from 6.1.5)
[DEBUG]       org.springframework:spring-test:jar:6.1.5:test (version managed from 6.1.5)
[DEBUG]       org.xmlunit:xmlunit-core:jar:2.9.1:test (version managed from 2.9.1)
[DEBUG]    org.springframework.security:spring-security-test:jar:6.2.3:test
[INFO] 
[INFO] --- clean:3.3.2:clean (default-clean) @ personal-finance-tracker ---
[DEBUG] Dependency collection stats {ConflictMarker.analyzeTime=64200, ConflictMarker.markTime=29900, ConflictMarker.nodeCount=2, ConflictIdSorter.graphTime=35300, ConflictIdSorter.topsortTime=8400, ConflictIdSorter.conflictIdCount=2, ConflictIdSorter.conflictIdCycleCount=0, ConflictResolver.totalTime=87000, ConflictResolver.conflictItemCount=2, DfDependencyCollector.collectTime=6773200, DfDependencyCollector.transformTime=237600}
[DEBUG] org.apache.maven.plugins:maven-clean-plugin:jar:3.3.2
[DEBUG]    org.codehaus.plexus:plexus-utils:jar:4.0.0:compile
[DEBUG] Created new class realm plugin>org.apache.maven.plugins:maven-clean-plugin:3.3.2
[DEBUG] Importing foreign packages into class realm plugin>org.apache.maven.plugins:maven-clean-plugin:3.3.2
[DEBUG]   Imported:  < maven.api
[DEBUG] Populating class realm plugin>org.apache.maven.plugins:maven-clean-plugin:3.3.2
[DEBUG]   Included: org.apache.maven.plugins:maven-clean-plugin:jar:3.3.2
[DEBUG]   Included: org.codehaus.plexus:plexus-utils:jar:4.0.0
[DEBUG] Loading mojo org.apache.maven.plugins:maven-clean-plugin:3.3.2:clean from plugin realm ClassRealm[plugin>org.apache.maven.plugins:maven-clean-plugin:3.3.2, parent: jdk.internal.loader.ClassLoaders$AppClassLoader@5bc2b487]
[DEBUG] Configuring mojo execution 'org.apache.maven.plugins:maven-clean-plugin:3.3.2:clean:default-clean' with basic configurator -->
[DEBUG]   (f) directory = D:\Expense_Tracker-Spring-boot-And-React--main\target
[DEBUG]   (f) excludeDefaultDirectories = false
[DEBUG]   (f) failOnError = true
[DEBUG]   (f) fast = false
[DEBUG]   (f) fastMode = background
[DEBUG]   (f) followSymLinks = false
[DEBUG]   (f) outputDirectory = D:\Expense_Tracker-Spring-boot-And-React--main\target\classes
[DEBUG]   (f) reportDirectory = D:\Expense_Tracker-Spring-boot-And-React--main\target\classes
[DEBUG]   (f) retryOnError = true
[DEBUG]   (f) session = org.apache.maven.execution.MavenSession@a96d56c
[DEBUG]   (f) skip = false
[DEBUG]   (f) testOutputDirectory = D:\Expense_Tracker-Spring-boot-And-React--main\target\test-classes
[DEBUG] -- end configuration --
[INFO] Deleting D:\Expense_Tracker-Spring-boot-And-React--main\target
[INFO] Deleting file D:\Expense_Tracker-Spring-boot-And-React--main\target\test-classes\com\financetracker\service\TransactionServiceTest.class
[INFO] Deleting directory D:\Expense_Tracker-Spring-boot-And-React--main\target\test-classes\com\financetracker\service
[INFO] Deleting file D:\Expense_Tracker-Spring-boot-And-React--main\target\test-classes\com\financetracker\exception\GlobalExceptionHandlerTest.class
[INFO] Deleting directory D:\Expense_Tracker-Spring-boot-And-React--main\target\test-classes\com\financetracker\exception
[INFO] Deleting directory D:\Expense_Tracker-Spring-boot-And-React--main\target\test-classes\com\financetracker
[INFO] Deleting directory D:\Expense_Tracker-Spring-boot-And-React--main\target\test-classes\com
[INFO] Deleting directory D:\Expense_Tracker-Spring-boot-And-React--main\target\test-classes
[INFO] Deleting file D:\Expense_Tracker-Spring-boot-And-React--main\target\maven-status\maven-compiler-plugin\testCompile\default-testCompile\inputFiles.lst
[INFO] Deleting file D:\Expense_Tracker-Spring-boot-And-React--main\target\maven-status\maven-compiler-plugin\testCompile\default-testCompile\createdFiles.lst
[INFO] Deleting directory D:\Expense_Tracker-Spring-boot-And-React--main\target\maven-status\maven-compiler-plugin\testCompile\default-testCompile
[INFO] Deleting directory D:\Expense_Tracker-Spring-boot-And-React--main\target\maven-status\maven-compiler-plugin\testCompile
[INFO] Deleting file D:\Expense_Tracker-Spring-boot-And-React--main\target\maven-status\maven-compiler-plugin\compile\default-compile\inputFiles.lst
[INFO] Deleting file D:\Expense_Tracker-Spring-boot-And-React--main\target\maven-status\maven-compiler-plugin\compile\default-compile\createdFiles.lst
[INFO] Deleting directory D:\Expense_Tracker-Spring-boot-And-React--main\target\maven-status\maven-compiler-plugin\compile\default-compile
[INFO] Deleting directory D:\Expense_Tracker-Spring-boot-And-React--main\target\maven-status\maven-compiler-plugin\compile
[INFO] Deleting directory D:\Expense_Tracker-Spring-boot-And-React--main\target\maven-status\maven-compiler-plugin
[INFO] Deleting directory D:\Expense_Tracker-Spring-boot-And-React--main\target\maven-status
[INFO] Deleting directory D:\Expense_Tracker-Spring-boot-And-React--main\target\generated-test-sources\test-annotations
[INFO] Deleting directory D:\Expense_Tracker-Spring-boot-And-React--main\target\generated-test-sources
[INFO] Deleting directory D:\Expense_Tracker-Spring-boot-And-React--main\target\generated-sources\annotations
[INFO] Deleting directory D:\Expense_Tracker-Spring-boot-And-React--main\target\generated-sources
[INFO] Deleting file D:\Expense_Tracker-Spring-boot-And-React--main\target\classes\com\financetracker\task\RecurringTask.class
[INFO] Deleting directory D:\Expense_Tracker-Spring-boot-And-React--main\target\classes\com\financetracker\task
[INFO] Deleting file D:\Expense_Tracker-Spring-boot-And-React--main\target\classes\com\financetracker\service\TransactionService.class
[INFO] Deleting file D:\Expense_Tracker-Spring-boot-And-React--main\target\classes\com\financetracker\service\ImportService.class
[INFO] Deleting file D:\Expense_Tracker-Spring-boot-And-React--main\target\classes\com\financetracker\service\GoogleAuthService.class
[INFO] Deleting file D:\Expense_Tracker-Spring-boot-And-React--main\target\classes\com\financetracker\service\GeminiService.class
[INFO] Deleting file D:\Expense_Tracker-Spring-boot-And-React--main\target\classes\com\financetracker\service\BudgetService.class
[INFO] Deleting directory D:\Expense_Tracker-Spring-boot-And-React--main\target\classes\com\financetracker\service
[INFO] Deleting file D:\Expense_Tracker-Spring-boot-And-React--main\target\classes\com\financetracker\security\TokenProvider.class
[INFO] Deleting file D:\Expense_Tracker-Spring-boot-And-React--main\target\classes\com\financetracker\security\JwtAuthenticationFilter.class
[INFO] Deleting file D:\Expense_Tracker-Spring-boot-And-React--main\target\classes\com\financetracker\security\CustomUserDetailsService.class
[INFO] Deleting directory D:\Expense_Tracker-Spring-boot-And-React--main\target\classes\com\financetracker\security
[INFO] Deleting file D:\Expense_Tracker-Spring-boot-And-React--main\target\classes\com\financetracker\repository\UserRepository.class
[INFO] Deleting file D:\Expense_Tracker-Spring-boot-And-React--main\target\classes\com\financetracker\repository\TransactionRepository.class
[INFO] Deleting file D:\Expense_Tracker-Spring-boot-And-React--main\target\classes\com\financetracker\repository\RecurringTransactionRepository.class
[INFO] Deleting file D:\Expense_Tracker-Spring-boot-And-React--main\target\classes\com\financetracker\repository\BudgetRepository.class
[INFO] Deleting directory D:\Expense_Tracker-Spring-boot-And-React--main\target\classes\com\financetracker\repository
[INFO] Deleting file D:\Expense_Tracker-Spring-boot-And-React--main\target\classes\com\financetracker\FinanceTrackerApplication.class
[INFO] Deleting file D:\Expense_Tracker-Spring-boot-And-React--main\target\classes\com\financetracker\exception\ResourceNotFoundException.class
[INFO] Deleting file D:\Expense_Tracker-Spring-boot-And-React--main\target\classes\com\financetracker\exception\InsufficientBalanceException.class
[INFO] Deleting file D:\Expense_Tracker-Spring-boot-And-React--main\target\classes\com\financetracker\exception\GlobalExceptionHandler.class
[INFO] Deleting directory D:\Expense_Tracker-Spring-boot-And-React--main\target\classes\com\financetracker\exception
[INFO] Deleting file D:\Expense_Tracker-Spring-boot-And-React--main\target\classes\com\financetracker\entity\User.class
[INFO] Deleting file D:\Expense_Tracker-Spring-boot-And-React--main\target\classes\com\financetracker\entity\Transaction.class
[INFO] Deleting file D:\Expense_Tracker-Spring-boot-And-React--main\target\classes\com\financetracker\entity\RecurringTransaction.class
[INFO] Deleting file D:\Expense_Tracker-Spring-boot-And-React--main\target\classes\com\financetracker\entity\RecurringTransaction$RecurringTransactionBuilder.class
[INFO] Deleting file D:\Expense_Tracker-Spring-boot-And-React--main\target\classes\com\financetracker\entity\Budget.class
[INFO] Deleting directory D:\Expense_Tracker-Spring-boot-And-React--main\target\classes\com\financetracker\entity
[INFO] Deleting file D:\Expense_Tracker-Spring-boot-And-React--main\target\classes\com\financetracker\dto\SignUpRequest.class
[INFO] Deleting file D:\Expense_Tracker-Spring-boot-And-React--main\target\classes\com\financetracker\dto\MonthlyIncomeExpenseDTO.class
[INFO] Deleting file D:\Expense_Tracker-Spring-boot-And-React--main\target\classes\com\financetracker\dto\LoginRequest.class
[INFO] Deleting file D:\Expense_Tracker-Spring-boot-And-React--main\target\classes\com\financetracker\dto\JwtAuthenticationResponse.class
[INFO] Deleting file D:\Expense_Tracker-Spring-boot-And-React--main\target\classes\com\financetracker\dto\GoogleAuthResponse.class
[INFO] Deleting file D:\Expense_Tracker-Spring-boot-And-React--main\target\classes\com\financetracker\dto\GoogleAuthResponse$UserProfile.class
[INFO] Deleting file D:\Expense_Tracker-Spring-boot-And-React--main\target\classes\com\financetracker\dto\DailySpendingDTO.class
[INFO] Deleting file D:\Expense_Tracker-Spring-boot-And-React--main\target\classes\com\financetracker\dto\CsvTransactionDTO.class
[INFO] Deleting file D:\Expense_Tracker-Spring-boot-And-React--main\target\classes\com\financetracker\dto\CsvImportResultDTO.class
[INFO] Deleting file D:\Expense_Tracker-Spring-boot-And-React--main\target\classes\com\financetracker\dto\CategoryTotalDTO.class
[INFO] Deleting file D:\Expense_Tracker-Spring-boot-And-React--main\target\classes\com\financetracker\dto\CategorySpendingComparisonDTO.class
[INFO] Deleting file D:\Expense_Tracker-Spring-boot-And-React--main\target\classes\com\financetracker\dto\BudgetResponseDTO.class
[INFO] Deleting file D:\Expense_Tracker-Spring-boot-And-React--main\target\classes\com\financetracker\dto\BudgetDTO.class
[INFO] Deleting file D:\Expense_Tracker-Spring-boot-And-React--main\target\classes\com\financetracker\dto\AuditLogDTO.class
[INFO] Deleting file D:\Expense_Tracker-Spring-boot-And-React--main\target\classes\com\financetracker\dto\AuditDTO.class
[INFO] Deleting directory D:\Expense_Tracker-Spring-boot-And-React--main\target\classes\com\financetracker\dto
[INFO] Deleting file D:\Expense_Tracker-Spring-boot-And-React--main\target\classes\com\financetracker\controller\UserController.class
[INFO] Deleting file D:\Expense_Tracker-Spring-boot-And-React--main\target\classes\com\financetracker\controller\TransactionController.class
[INFO] Deleting file D:\Expense_Tracker-Spring-boot-And-React--main\target\classes\com\financetracker\controller\ImportController.class
[INFO] Deleting file D:\Expense_Tracker-Spring-boot-And-React--main\target\classes\com\financetracker\controller\ImportController$1.class
[INFO] Deleting file D:\Expense_Tracker-Spring-boot-And-React--main\target\classes\com\financetracker\controller\GoogleAuthController.class
[INFO] Deleting file D:\Expense_Tracker-Spring-boot-And-React--main\target\classes\com\financetracker\controller\ExportController.class
[INFO] Deleting file D:\Expense_Tracker-Spring-boot-And-React--main\target\classes\com\financetracker\controller\BudgetController.class
[INFO] Deleting file D:\Expense_Tracker-Spring-boot-And-React--main\target\classes\com\financetracker\controller\AuthController.class
[INFO] Deleting file D:\Expense_Tracker-Spring-boot-And-React--main\target\classes\com\financetracker\controller\AuthController$SignupRequest.class
[INFO] Deleting file D:\Expense_Tracker-Spring-boot-And-React--main\target\classes\com\financetracker\controller\AIInsightsController.class
[INFO] Deleting directory D:\Expense_Tracker-Spring-boot-And-React--main\target\classes\com\financetracker\controller
[INFO] Deleting file D:\Expense_Tracker-Spring-boot-And-React--main\target\classes\com\financetracker\config\WebConfig.class
[INFO] Deleting file D:\Expense_Tracker-Spring-boot-And-React--main\target\classes\com\financetracker\config\SecurityConfig.class
[INFO] Deleting file D:\Expense_Tracker-Spring-boot-And-React--main\target\classes\com\financetracker\config\PersistenceConfig.class
[INFO] Deleting file D:\Expense_Tracker-Spring-boot-And-React--main\target\classes\com\financetracker\config\PasswordConfig.class
[INFO] Deleting file D:\Expense_Tracker-Spring-boot-And-React--main\target\classes\com\financetracker\config\DataInitializer.class
[INFO] Deleting directory D:\Expense_Tracker-Spring-boot-And-React--main\target\classes\com\financetracker\config
[INFO] Deleting directory D:\Expense_Tracker-Spring-boot-And-React--main\target\classes\com\financetracker
[INFO] Deleting directory D:\Expense_Tracker-Spring-boot-And-React--main\target\classes\com
[INFO] Deleting file D:\Expense_Tracker-Spring-boot-And-React--main\target\classes\application.properties
[INFO] Deleting directory D:\Expense_Tracker-Spring-boot-And-React--main\target\classes
[INFO] Deleting directory D:\Expense_Tracker-Spring-boot-And-React--main\target
[DEBUG] Skipping non-existing directory D:\Expense_Tracker-Spring-boot-And-React--main\target\classes
[DEBUG] Skipping non-existing directory D:\Expense_Tracker-Spring-boot-And-React--main\target\test-classes
[DEBUG] Skipping non-existing directory D:\Expense_Tracker-Spring-boot-And-React--main\target\classes
[INFO] 
[INFO] --- resources:3.3.1:resources (default-resources) @ personal-finance-tracker ---
[DEBUG] Dependency collection stats {ConflictMarker.analyzeTime=46200, ConflictMarker.markTime=12700, ConflictMarker.nodeCount=13, ConflictIdSorter.graphTime=27400, ConflictIdSorter.topsortTime=8500, ConflictIdSorter.conflictIdCount=9, ConflictIdSorter.conflictIdCycleCount=0, ConflictResolver.totalTime=81100, ConflictResolver.conflictItemCount=13, DfDependencyCollector.collectTime=38945900, DfDependencyCollector.transformTime=187700}
[DEBUG] org.apache.maven.plugins:maven-resources-plugin:jar:3.3.1
[DEBUG]    org.codehaus.plexus:plexus-interpolation:jar:1.26:runtime
[DEBUG]    org.codehaus.plexus:plexus-utils:jar:3.5.1:compile
[DEBUG]    org.apache.maven.shared:maven-filtering:jar:3.3.1:compile
[DEBUG]       javax.inject:javax.inject:jar:1:compile
[DEBUG]       org.slf4j:slf4j-api:jar:1.7.36:compile
[DEBUG]       org.sonatype.plexus:plexus-build-api:jar:0.0.7:compile
[DEBUG]    commons-io:commons-io:jar:2.11.0:compile
[DEBUG]    org.apache.commons:commons-lang3:jar:3.12.0:compile
[DEBUG] Created new class realm plugin>org.apache.maven.plugins:maven-resources-plugin:3.3.1
[DEBUG] Importing foreign packages into class realm plugin>org.apache.maven.plugins:maven-resources-plugin:3.3.1
[DEBUG]   Imported:  < maven.api
[DEBUG] Populating class realm plugin>org.apache.maven.plugins:maven-resources-plugin:3.3.1
[DEBUG]   Included: org.apache.maven.plugins:maven-resources-plugin:jar:3.3.1
[DEBUG]   Included: org.codehaus.plexus:plexus-interpolation:jar:1.26
[DEBUG]   Included: org.codehaus.plexus:plexus-utils:jar:3.5.1
[DEBUG]   Included: org.apache.maven.shared:maven-filtering:jar:3.3.1
[DEBUG]   Included: org.sonatype.plexus:plexus-build-api:jar:0.0.7
[DEBUG]   Included: commons-io:commons-io:jar:2.11.0
[DEBUG]   Included: org.apache.commons:commons-lang3:jar:3.12.0
[DEBUG] Loading mojo org.apache.maven.plugins:maven-resources-plugin:3.3.1:resources from plugin realm ClassRealm[plugin>org.apache.maven.plugins:maven-resources-plugin:3.3.1, parent: jdk.internal.loader.ClassLoaders$AppClassLoader@5bc2b487]
[DEBUG] Configuring mojo execution 'org.apache.maven.plugins:maven-resources-plugin:3.3.1:resources:default-resources' with basic configurator -->
[DEBUG]   (f) addDefaultExcludes = true
[DEBUG]   (f) buildFilters = []
[DEBUG]   (s) delimiters = [@]
[DEBUG]   (f) encoding = UTF-8
[DEBUG]   (f) escapeWindowsPaths = true
[DEBUG]   (f) fileNameFiltering = false
[DEBUG]   (s) includeEmptyDirs = false
[DEBUG]   (s) outputDirectory = D:\Expense_Tracker-Spring-boot-And-React--main\target\classes
[DEBUG]   (s) overwrite = false
[DEBUG]   (f) project = MavenProject: com.financetracker:personal-finance-tracker:0.0.1-SNAPSHOT @ D:\Expense_Tracker-Spring-boot-And-React--main\pom.xml
[DEBUG]   (f) propertiesEncoding = UTF-8
[DEBUG]   (s) resources = [Resource {targetPath: null, filtering: true, FileSet {directory: D:\Expense_Tracker-Spring-boot-And-React--main\src\main\resources, PatternSet [includes: {**/application*.yml, **/application*.yaml, **/application*.properties}, excludes: {}]}}, Resource {targetPath: null, filtering: false, FileSet {directory: D:\Expense_Tracker-Spring-boot-And-React--main\src\main\resources, PatternSet [includes: {}, excludes: {**/application*.yml, **/application*.yaml, **/application*.properties}]}}]
[DEBUG]   (f) session = org.apache.maven.execution.MavenSession@a96d56c
[DEBUG]   (f) skip = false
[DEBUG]   (f) supportMultiLineFiltering = false
[DEBUG]   (f) useBuildFilters = true
[DEBUG]   (s) useDefaultDelimiters = false
[DEBUG] -- end configuration --
[DEBUG] properties used:
[DEBUG] activemq.version: 5.18.3
[DEBUG] angus-mail.version: 2.0.3
[DEBUG] artemis.version: 2.31.2
[DEBUG] aspectj.version: 1.9.21
[DEBUG] assertj.version: 3.24.2
[DEBUG] awaitility.version: 4.2.0
[DEBUG] brave.version: 5.16.0
[DEBUG] build-helper-maven-plugin.version: 3.4.0
[DEBUG] byte-buddy.version: 1.14.12
[DEBUG] cache2k.version: 2.6.1.Final
[DEBUG] caffeine.version: 3.1.8
[DEBUG] cassandra-driver.version: 4.17.0
[DEBUG] classmate.version: 1.6.0
[DEBUG] classworlds.conf: C:\Users\Asus\.m2\wrapper\dists\apache-maven-3.9.13\539b50bf62ae5fbdef8b06a7b0f2c7264e1db6874cf7101c3590bfd01369a1c2\bin\m2.conf
[DEBUG] commons-codec.version: 1.16.1
[DEBUG] commons-dbcp2.version: 2.10.0
[DEBUG] commons-lang3.version: 3.13.0
[DEBUG] commons-pool.version: 1.6
[DEBUG] commons-pool2.version: 2.12.0
[DEBUG] couchbase-client.version: 3.4.11
[DEBUG] crac.version: 1.4.0
[DEBUG] db2-jdbc.version: 11.5.9.0
[DEBUG] dependency-management-plugin.version: 1.1.4
[DEBUG] derby.version: 10.16.1.1
[DEBUG] dropwizard-metrics.version: 4.2.25
[DEBUG] ehcache3.version: 3.10.8
[DEBUG] elasticsearch-client.version: 8.10.4
[DEBUG] env.=D:: D:\Expense_Tracker-Spring-boot-And-React--main
[DEBUG] env.=EXITCODE: 00000000
[DEBUG] env.ACSETUPSVCPORT: 23210
[DEBUG] env.ACSVCPORT: 17532
[DEBUG] env.ALLUSERSPROFILE: C:\ProgramData
[DEBUG] env.APPDATA: C:\Users\Asus\AppData\Roaming
[DEBUG] env.CHOCOLATEYINSTALL: C:\ProgramData\chocolatey
[DEBUG] env.CHOCOLATEYLASTPATHUPDATE: 134023305802225689
[DEBUG] env.CHROME_CRASHPAD_PIPE_NAME: \\.\pipe\crashpad_32288_GDNJDPZIHVTYRXKM
[DEBUG] env.CLASSWORLDS_JAR: "C:\Users\Asus\.m2\wrapper\dists\apache-maven-3.9.13\539b50bf62ae5fbdef8b06a7b0f2c7264e1db6874cf7101c3590bfd01369a1c2\boot\plexus-classworlds-2.9.0.jar"
[DEBUG] env.CLASSWORLDS_LAUNCHER: org.codehaus.plexus.classworlds.launcher.Launcher
[DEBUG] env.COLORTERM: truecolor
[DEBUG] env.COMMONPROGRAMFILES: C:\Program Files\Common Files
[DEBUG] env.COMMONPROGRAMFILES(X86): C:\Program Files (x86)\Common Files
[DEBUG] env.COMMONPROGRAMW6432: C:\Program Files\Common Files
[DEBUG] env.COMPUTERNAME: LAPTOP-QNFIEQKQ
[DEBUG] env.COMSPEC: C:\WINDOWS\system32\cmd.exe
[DEBUG] env.DRIVERDATA: C:\Windows\System32\Drivers\DriverData
[DEBUG] env.EFC_13604_1592913036: 1
[DEBUG] env.ENABLELOG: INFO
[DEBUG] env.ERROR_CODE: 0
[DEBUG] env.EXEC_DIR: D:\Expense_Tracker-Spring-boot-And-React--main
[DEBUG] env.GIT_ASKPASS: c:\Users\Asus\AppData\Roaming\Code\User\globalStorage\vscode.git\askpass\493597c785d4c5cb\askpass.sh
[DEBUG] env.GIT_EDITOR: :
[DEBUG] env.GIT_MERGE_AUTOEDIT: no
[DEBUG] env.GIT_PAGER: cat
[DEBUG] env.HOMEDRIVE: C:
[DEBUG] env.HOMEPATH: \Users\Asus
[DEBUG] env.IGCCSVC_DB: AQAAANCMnd8BFdERjHoAwE/Cl+sBAAAAWUOa9IlCSUO+rrNwr4VdzQQAAAACAAAAAAAQZgAAAAEAACAAAADlCO4wULqqQP45yIumCbGwn4I8aQXIOjIgod8BFbb+qQAAAAAOgAAAAAIAACAAAADXvwZ6Xqy3Ns7RkSJd46SBNHUw8wArNc/ugocxAqh90GAAAACnLMJwVP4j62HSz4Vuv8X4gSdHhcDuvAylpbV+bhHUlQXvO5FR2DqVqBMCZnKBCZ9HImI/cVbIBfPQeQAQv+SsYaoFK7ee2sbHGPWd2hNqA3rdWmlORd9qVqgZEju5UfFAAAAAhtUaHCMDxeyQCxhb4MdHxSVICKbQxIw6q5HU6yj0D02iDXbYQt+4zG98PjN1Tvxdn7fAwQvUYo9eHDNRqaiUPg==
[DEBUG] env.INTERNAL_MAVEN_OPTS: --enable-native-access=ALL-UNNAMED 
[DEBUG] env.JAVACMD: C:\Program Files\Java\latest\jdk-21\bin\java.exe
[DEBUG] env.JAVA_HOME: C:\Program Files\Java\latest\jdk-21
[DEBUG] env.JVMCONFIG: \.mvn\jvm.config
[DEBUG] env.LANG: en_US.UTF-8
[DEBUG] env.LOCALAPPDATA: C:\Users\Asus\AppData\Local
[DEBUG] env.LOGONSERVER: \\LAPTOP-QNFIEQKQ
[DEBUG] env.MAVEN_CMD_LINE_ARGS: clean compile -X
[DEBUG] env.MAVEN_HOME: C:\Users\Asus\.m2\wrapper\dists\apache-maven-3.9.13\539b50bf62ae5fbdef8b06a7b0f2c7264e1db6874cf7101c3590bfd01369a1c2
[DEBUG] env.MAVEN_PROJECTBASEDIR: D:\Expense_Tracker-Spring-boot-And-React--main
[DEBUG] env.NUMBER_OF_PROCESSORS: 16
[DEBUG] env.ONEDRIVE: C:\Users\Asus\OneDrive
[DEBUG] env.ONEDRIVECONSUMER: C:\Users\Asus\OneDrive
[DEBUG] env.OS: Windows_NT
[DEBUG] env.PATH: c:\Users\Asus\AppData\Roaming\Code\User\globalStorage\github.copilot-chat\debugCommand;c:\Users\Asus\AppData\Roaming\Code\User\globalStorage\github.copilot-chat\copilotCli;C:\Users\Asus\AppData\Local\Programs\Microsoft VS Code;C:\Program Files\Common Files\Oracle\Java\javapath;C:\Ruby34-x64\bin;C:\Windows\system32;C:\Windows;C:\Windows\System32\Wbem;C:\Windows\System32\WindowsPowerShell\v1.0\;C:\Windows\System32\OpenSSH\;C:\Program Files (x86)\NVIDIA Corporation\PhysX\Common;C:\WINDOWS\system32;C:\WINDOWS;C:\WINDOWS\System32\Wbem;C:\WINDOWS\System32\WindowsPowerShell\v1.0\;C:\WINDOWS\System32\OpenSSH\;C:\Program Files\NVIDIA Corporation\NVIDIA App\NvDLISR;C:\Program Files\nodejs\;C:\ProgramData\chocolatey\bin;C:\Program Files\dotnet\;C:\Program Files\Git\cmd;C:\apache-maven-3.9.13\bin;C:\Program Files\Docker\Docker\resources\bin;"C:\Users\Asus\Downloads\jdk-25_windows-x64_bin.exe"\bin;C:\Program Files\Java\latest\bin;C:\Users\Asus\AppData\Local\Programs\Python\Python313\Scripts\;C:\Users\Asus\AppData\Local\Programs\Python\Python313\;C:\Ruby32-x64\bin;C:\Program Files\MySQL\MySQL Shell 8.0\bin\;C:\Users\Asus\.cargo\bin;C:\Users\Asus\AppData\Local\Programs\Python\Python314\Scripts\;C:\Users\Asus\AppData\Local\Programs\Python\Python314\;C:\Users\Asus\AppData\Local\Microsoft\WindowsApps;C:\Users\Asus\AppData\Local\Programs\Microsoft VS Code\bin;C:\Program Files\JetBrains\PyCharm 2025.2.0.1\bin;C:\Users\Asus\AppData\Roaming\npm;C:\mongosh\;c:\Users\Asus\.vscode\extensions\vscjava.vscode-java-debug-0.59.0\bundled\scripts\noConfigScripts
[DEBUG] env.PATHEXT: .COM;.EXE;.BAT;.CMD;.VBS;.VBE;.JS;.JSE;.WSF;.WSH;.MSC;.RB;.RBW;.RB;.RBW;.CPL
[DEBUG] env.PROCESSOR_ARCHITECTURE: AMD64
[DEBUG] env.PROCESSOR_IDENTIFIER: Intel64 Family 6 Model 154 Stepping 3, GenuineIntel
[DEBUG] env.PROCESSOR_LEVEL: 6
[DEBUG] env.PROCESSOR_REVISION: 9a03
[DEBUG] env.PROGRAMDATA: C:\ProgramData
[DEBUG] env.PROGRAMFILES: C:\Program Files
[DEBUG] env.PROGRAMFILES(X86): C:\Program Files (x86)
[DEBUG] env.PROGRAMW6432: C:\Program Files
[DEBUG] env.PROMPT: $P$G
[DEBUG] env.PSMODULEPATH: C:\Users\Asus\OneDrive\Documents\WindowsPowerShell\Modules;C:\Program Files\WindowsPowerShell\Modules;C:\WINDOWS\system32\WindowsPowerShell\v1.0\Modules
[DEBUG] env.PT8HOME: C:\Program Files\Cisco Packet Tracer 8.2.2
[DEBUG] env.PUBLIC: C:\Users\Public
[DEBUG] env.PYCHARM: C:\Program Files\JetBrains\PyCharm 2025.2.0.1\bin
[DEBUG] env.PYTHONSTARTUP: c:\Users\Asus\AppData\Roaming\Code\User\workspaceStorage\08bb70ab9962599d21e53352a1a2849d\ms-python.python\pythonrc.py
[DEBUG] env.PYTHON_BASIC_REPL: 1
[DEBUG] env.RLSSVCPORT: 22112
[DEBUG] env.SESSIONNAME: Console
[DEBUG] env.SYSTEMDRIVE: C:
[DEBUG] env.SYSTEMROOT: C:\WINDOWS
[DEBUG] env.TEMP: C:\Users\Asus\AppData\Local\Temp
[DEBUG] env.TERM_PROGRAM: vscode
[DEBUG] env.TERM_PROGRAM_VERSION: 1.116.0
[DEBUG] env.TMP: C:\Users\Asus\AppData\Local\Temp
[DEBUG] env.USERDOMAIN: LAPTOP-QNFIEQKQ
[DEBUG] env.USERDOMAIN_ROAMINGPROFILE: LAPTOP-QNFIEQKQ
[DEBUG] env.USERNAME: Asus
[DEBUG] env.USERPROFILE: C:\Users\Asus
[DEBUG] env.VSCODE_GIT_ASKPASS_EXTRA_ARGS: 
[DEBUG] env.VSCODE_GIT_ASKPASS_MAIN: c:\Users\Asus\AppData\Roaming\Code\User\globalStorage\vscode.git\askpass\493597c785d4c5cb\askpass-main.js
[DEBUG] env.VSCODE_GIT_ASKPASS_NODE: C:\Users\Asus\AppData\Local\Programs\Microsoft VS Code\Code.exe
[DEBUG] env.VSCODE_GIT_IPC_HANDLE: \\.\pipe\vscode-git-8e47fc2699-sock
[DEBUG] env.VSCODE_INJECTION: 1
[DEBUG] env.VSCODE_JAVA_EXEC: C:\Program Files\Eclipse Adoptium\jdk-21.0.10.7-hotspot\bin\java
[DEBUG] env.VSCODE_JDWP_ADAPTER_ENDPOINTS: c:\Users\Asus\.vscode\extensions\vscjava.vscode-java-debug-0.59.0\.noConfigDebugAdapterEndpoints\endpoint-a01547763ac504a6.txt
[DEBUG] env.VSCODE_PYTHON_AUTOACTIVATE_GUARD: 1
[DEBUG] env.WDIR: D:\Expense_Tracker-Spring-boot-And-React--main
[DEBUG] env.WINDIR: C:\WINDOWS
[DEBUG] env.ZES_ENABLE_SYSMAN: 1
[DEBUG] env.__MVNW_CMD__: C:\Users\Asus/.m2/wrapper/dists/apache-maven-3.9.13/539b50bf62ae5fbdef8b06a7b0f2c7264e1db6874cf7101c3590bfd01369a1c2/bin/mvn.cmd
[DEBUG] file.encoding: UTF-8
[DEBUG] file.separator: \
[DEBUG] flyway.version: 9.22.3
[DEBUG] freemarker.version: 2.3.32
[DEBUG] git-commit-id-maven-plugin.version: 6.0.0
[DEBUG] glassfish-jaxb.version: 4.0.5
[DEBUG] glassfish-jstl.version: 3.0.1
[DEBUG] graphql-java.version: 21.4
[DEBUG] groovy.version: 4.0.20
[DEBUG] gson.version: 2.10.1
[DEBUG] h2.version: 2.2.224
[DEBUG] hamcrest.version: 2.2
[DEBUG] hazelcast.version: 5.3.6
[DEBUG] hibernate-validator.version: 8.0.1.Final
[DEBUG] hibernate.version: 6.4.4.Final
[DEBUG] hikaricp.version: 5.0.1
[DEBUG] hsqldb.version: 2.7.2
[DEBUG] htmlunit.version: 2.70.0
[DEBUG] httpasyncclient.version: 4.1.5
[DEBUG] httpclient5.version: 5.2.3
[DEBUG] httpcore.version: 4.4.16
[DEBUG] httpcore5.version: 5.2.4
[DEBUG] infinispan.version: 14.0.27.Final
[DEBUG] influxdb-java.version: 2.23
[DEBUG] jackson-bom.version: 2.15.4
[DEBUG] jakarta-activation.version: 2.1.3
[DEBUG] jakarta-annotation.version: 2.1.1
[DEBUG] jakarta-jms.version: 3.1.0
[DEBUG] jakarta-json-bind.version: 3.0.0
[DEBUG] jakarta-json.version: 2.1.3
[DEBUG] jakarta-mail.version: 2.1.3
[DEBUG] jakarta-management.version: 1.1.4
[DEBUG] jakarta-persistence.version: 3.1.0
[DEBUG] jakarta-servlet-jsp-jstl.version: 3.0.0
[DEBUG] jakarta-servlet.version: 6.0.0
[DEBUG] jakarta-transaction.version: 2.0.1
[DEBUG] jakarta-validation.version: 3.0.2
[DEBUG] jakarta-websocket.version: 2.1.1
[DEBUG] jakarta-ws-rs.version: 3.1.0
[DEBUG] jakarta-xml-bind.version: 4.0.2
[DEBUG] jakarta-xml-soap.version: 3.0.1
[DEBUG] jakarta-xml-ws.version: 4.0.1
[DEBUG] janino.version: 3.1.12
[DEBUG] java.class.path: C:\Users\Asus\.m2\wrapper\dists\apache-maven-3.9.13\539b50bf62ae5fbdef8b06a7b0f2c7264e1db6874cf7101c3590bfd01369a1c2\boot\plexus-classworlds-2.9.0.jar
[DEBUG] java.class.version: 69.0
[DEBUG] java.home: C:\Program Files\Java\latest\jdk-21
[DEBUG] java.io.tmpdir: C:\Users\Asus\AppData\Local\Temp\
[DEBUG] java.library.path: C:\Program Files\Java\latest\jdk-21\bin;C:\WINDOWS\Sun\Java\bin;C:\WINDOWS\system32;C:\WINDOWS;c:\Users\Asus\AppData\Roaming\Code\User\globalStorage\github.copilot-chat\debugCommand;c:\Users\Asus\AppData\Roaming\Code\User\globalStorage\github.copilot-chat\copilotCli;C:\Users\Asus\AppData\Local\Programs\Microsoft VS Code;C:\Program Files\Common Files\Oracle\Java\javapath;C:\Ruby34-x64\bin;C:\Windows\system32;C:\Windows;C:\Windows\System32\Wbem;C:\Windows\System32\WindowsPowerShell\v1.0\;C:\Windows\System32\OpenSSH\;C:\Program Files (x86)\NVIDIA Corporation\PhysX\Common;C:\WINDOWS\system32;C:\WINDOWS;C:\WINDOWS\System32\Wbem;C:\WINDOWS\System32\WindowsPowerShell\v1.0\;C:\WINDOWS\System32\OpenSSH\;C:\Program Files\NVIDIA Corporation\NVIDIA App\NvDLISR;C:\Program Files\nodejs\;C:\ProgramData\chocolatey\bin;C:\Program Files\dotnet\;C:\Program Files\Git\cmd;C:\apache-maven-3.9.13\bin;C:\Program Files\Docker\Docker\resources\bin;"C:\Users\Asus\Downloads\jdk-25_windows-x64_bin.exe"\bin;C:\Program Files\Java\latest\bin;C:\Users\Asus\AppData\Local\Programs\Python\Python313\Scripts\;C:\Users\Asus\AppData\Local\Programs\Python\Python313\;C:\Ruby32-x64\bin;C:\Program Files\MySQL\MySQL Shell 8.0\bin\;C:\Users\Asus\.cargo\bin;C:\Users\Asus\AppData\Local\Programs\Python\Python314\Scripts\;C:\Users\Asus\AppData\Local\Programs\Python\Python314\;C:\Users\Asus\AppData\Local\Microsoft\WindowsApps;C:\Users\Asus\AppData\Local\Programs\Microsoft VS Code\bin;C:\Program Files\JetBrains\PyCharm 2025.2.0.1\bin;C:\Users\Asus\AppData\Roaming\npm;C:\mongosh\;c:\Users\Asus\.vscode\extensions\vscjava.vscode-java-debug-0.59.0\bundled\scripts\noConfigScripts;.
[DEBUG] java.runtime.name: Java(TM) SE Runtime Environment
[DEBUG] java.runtime.version: 25.0.2+10-LTS-69
[DEBUG] java.specification.name: Java Platform API Specification
[DEBUG] java.specification.vendor: Oracle Corporation
[DEBUG] java.specification.version: 25
[DEBUG] java.vendor: Oracle Corporation
[DEBUG] java.vendor.url: https://java.oracle.com/
[DEBUG] java.vendor.url.bug: https://bugreport.java.com/bugreport/
[DEBUG] java.version: 25.0.2
[DEBUG] java.version.date: 2026-01-20
[DEBUG] java.vm.compressedOopsMode: Zero based
[DEBUG] java.vm.info: mixed mode, sharing
[DEBUG] java.vm.name: Java HotSpot(TM) 64-Bit Server VM
[DEBUG] java.vm.specification.name: Java Virtual Machine Specification
[DEBUG] java.vm.specification.vendor: Oracle Corporation
[DEBUG] java.vm.specification.version: 25
[DEBUG] java.vm.vendor: Oracle Corporation
[DEBUG] java.vm.version: 25.0.2+10-LTS-69
[DEBUG] javax-cache.version: 1.1.1
[DEBUG] javax-money.version: 1.1
[DEBUG] jaxen.version: 2.0.0
[DEBUG] jaybird.version: 5.0.4.java11
[DEBUG] jboss-logging.version: 3.5.3.Final
[DEBUG] jdk.debug: release
[DEBUG] jdom2.version: 2.0.6.1
[DEBUG] jedis.version: 5.0.2
[DEBUG] jersey.version: 3.1.5
[DEBUG] jetty-reactive-httpclient.version: 4.0.3
[DEBUG] jetty.version: 12.0.7
[DEBUG] jmustache.version: 1.15
[DEBUG] jooq.version: 3.18.13
[DEBUG] json-path.version: 2.9.0
[DEBUG] json-smart.version: 2.5.0
[DEBUG] jsonassert.version: 1.5.1
[DEBUG] jtds.version: 1.3.1
[DEBUG] junit-jupiter.version: 5.10.2
[DEBUG] junit.version: 4.13.2
[DEBUG] kafka.version: 3.6.1
[DEBUG] kotlin-coroutines.version: 1.7.3
[DEBUG] kotlin-serialization.version: 1.6.3
[DEBUG] kotlin.version: 1.9.23
[DEBUG] lettuce.version: 6.3.2.RELEASE
[DEBUG] library.jansi.path: C:\Users\Asus\.m2\wrapper\dists\apache-maven-3.9.13\539b50bf62ae5fbdef8b06a7b0f2c7264e1db6874cf7101c3590bfd01369a1c2\lib\jansi-native
[DEBUG] line.separator: 

[DEBUG] liquibase.version: 4.24.0
[DEBUG] log4j2.version: 2.21.1
[DEBUG] logback.version: 1.4.14
[DEBUG] lombok.version: 1.18.30
[DEBUG] mariadb.version: 3.3.3
[DEBUG] maven-antrun-plugin.version: 3.1.0
[DEBUG] maven-assembly-plugin.version: 3.6.0
[DEBUG] maven-clean-plugin.version: 3.3.2
[DEBUG] maven-compiler-plugin.version: 3.11.0
[DEBUG] maven-dependency-plugin.version: 3.6.1
[DEBUG] maven-deploy-plugin.version: 3.1.1
[DEBUG] maven-enforcer-plugin.version: 3.4.1
[DEBUG] maven-failsafe-plugin.version: 3.1.2
[DEBUG] maven-help-plugin.version: 3.4.0
[DEBUG] maven-install-plugin.version: 3.1.1
[DEBUG] maven-invoker-plugin.version: 3.6.0
[DEBUG] maven-jar-plugin.version: 3.3.0
[DEBUG] maven-javadoc-plugin.version: 3.6.3
[DEBUG] maven-resources-plugin.version: 3.3.1
[DEBUG] maven-shade-plugin.version: 3.5.2
[DEBUG] maven-source-plugin.version: 3.3.0
[DEBUG] maven-surefire-plugin.version: 3.1.2
[DEBUG] maven-war-plugin.version: 3.4.0
[DEBUG] maven.build.timestamp: 2026-04-21T21:37:23Z
[DEBUG] maven.build.version: Apache Maven 3.9.13 (39d686bd50d8e054301e3a68ad44781df6f80dda)
[DEBUG] maven.compiler.release: 21
[DEBUG] maven.conf: C:\Users\Asus\.m2\wrapper\dists\apache-maven-3.9.13\539b50bf62ae5fbdef8b06a7b0f2c7264e1db6874cf7101c3590bfd01369a1c2/conf
[DEBUG] maven.home: C:\Users\Asus\.m2\wrapper\dists\apache-maven-3.9.13\539b50bf62ae5fbdef8b06a7b0f2c7264e1db6874cf7101c3590bfd01369a1c2
[DEBUG] maven.multiModuleProjectDirectory: D:\Expense_Tracker-Spring-boot-And-React--main
[DEBUG] maven.version: 3.9.13
[DEBUG] micrometer-tracing.version: 1.2.4
[DEBUG] micrometer.version: 1.12.4
[DEBUG] mockito.version: 5.7.0
[DEBUG] mongodb.version: 4.11.1
[DEBUG] mssql-jdbc.version: 12.4.2.jre11
[DEBUG] mysql.version: 8.3.0
[DEBUG] native-build-tools-plugin.version: 0.9.28
[DEBUG] native.encoding: Cp1252
[DEBUG] nekohtml.version: 1.9.22
[DEBUG] neo4j-java-driver.version: 5.18.0
[DEBUG] netty.version: 4.1.107.Final
[DEBUG] okhttp.version: 4.12.0
[DEBUG] opentelemetry.version: 1.31.0
[DEBUG] oracle-database.version: 21.9.0.0
[DEBUG] oracle-r2dbc.version: 1.1.1
[DEBUG] os.arch: amd64
[DEBUG] os.name: Windows 11
[DEBUG] os.version: 10.0
[DEBUG] path.separator: ;
[DEBUG] pooled-jms.version: 3.1.5
[DEBUG] postgresql.version: 42.6.2
[DEBUG] project.baseUri: file:/D:/Expense_Tracker-Spring-boot-And-React--main/
[DEBUG] project.build.sourceEncoding: UTF-8
[DEBUG] project.reporting.outputEncoding: UTF-8
[DEBUG] prometheus-client.version: 0.16.0
[DEBUG] pulsar-reactive.version: 0.5.3
[DEBUG] pulsar.version: 3.1.3
[DEBUG] quartz.version: 2.3.2
[DEBUG] querydsl.version: 5.0.0
[DEBUG] r2dbc-h2.version: 1.0.0.RELEASE
[DEBUG] r2dbc-mariadb.version: 1.1.4
[DEBUG] r2dbc-mssql.version: 1.0.2.RELEASE
[DEBUG] r2dbc-mysql.version: 1.0.6
[DEBUG] r2dbc-pool.version: 1.0.1.RELEASE
[DEBUG] r2dbc-postgresql.version: 1.0.4.RELEASE
[DEBUG] r2dbc-proxy.version: 1.1.4.RELEASE
[DEBUG] r2dbc-spi.version: 1.0.0.RELEASE
[DEBUG] rabbit-amqp-client.version: 5.19.0
[DEBUG] rabbit-stream-client.version: 0.14.0
[DEBUG] reactive-streams.version: 1.0.4
[DEBUG] reactor-bom.version: 2023.0.4
[DEBUG] resource.delimiter: @
[DEBUG] rest-assured.version: 5.3.2
[DEBUG] rsocket.version: 1.1.3
[DEBUG] rxjava3.version: 3.1.8
[DEBUG] saaj-impl.version: 3.0.3
[DEBUG] selenium-htmlunit.version: 4.13.0
[DEBUG] selenium.version: 4.14.1
[DEBUG] sendgrid.version: 4.9.3
[DEBUG] slf4j.version: 2.0.12
[DEBUG] snakeyaml.version: 2.2
[DEBUG] spring-amqp.version: 3.1.3
[DEBUG] spring-authorization-server.version: 1.2.3
[DEBUG] spring-batch.version: 5.1.1
[DEBUG] spring-data-bom.version: 2023.1.4
[DEBUG] spring-framework.version: 6.1.5
[DEBUG] spring-graphql.version: 1.2.5
[DEBUG] spring-hateoas.version: 2.2.1
[DEBUG] spring-integration.version: 6.2.3
[DEBUG] spring-kafka.version: 3.1.3
[DEBUG] spring-ldap.version: 3.2.2
[DEBUG] spring-pulsar.version: 1.0.4
[DEBUG] spring-restdocs.version: 3.0.1
[DEBUG] spring-retry.version: 2.0.5
[DEBUG] spring-security.version: 6.2.3
[DEBUG] spring-session.version: 3.2.2
[DEBUG] spring-ws.version: 4.0.10
[DEBUG] sqlite-jdbc.version: 3.43.2.0
[DEBUG] stderr.encoding: Cp1252
[DEBUG] stdin.encoding: cp437
[DEBUG] stdout.encoding: Cp1252
[DEBUG] sun.arch.data.model: 64
[DEBUG] sun.boot.library.path: C:\Program Files\Java\latest\jdk-21\bin
[DEBUG] sun.cpu.endian: little
[DEBUG] sun.cpu.isalist: amd64
[DEBUG] sun.io.unicode.encoding: UnicodeLittle
[DEBUG] sun.java.command: org.codehaus.plexus.classworlds.launcher.Launcher clean compile -X
[DEBUG] sun.java.launcher: SUN_STANDARD
[DEBUG] sun.jnu.encoding: Cp1252
[DEBUG] sun.management.compiler: HotSpot 64-Bit Tiered Compilers
[DEBUG] sun.os.patch.level: 
[DEBUG] testcontainers.version: 1.19.7
[DEBUG] thymeleaf-extras-data-attribute.version: 2.0.1
[DEBUG] thymeleaf-extras-springsecurity.version: 3.1.2.RELEASE
[DEBUG] thymeleaf-layout-dialect.version: 3.3.0
[DEBUG] thymeleaf.version: 3.1.2.RELEASE
[DEBUG] tomcat.version: 10.1.19
[DEBUG] unboundid-ldapsdk.version: 6.0.11
[DEBUG] undertow.version: 2.3.12.Final
[DEBUG] user.country: IN
[DEBUG] user.dir: D:\Expense_Tracker-Spring-boot-And-React--main
[DEBUG] user.home: C:\Users\Asus
[DEBUG] user.language: en
[DEBUG] user.name: Asus
[DEBUG] user.script: 
[DEBUG] user.variant: 
[DEBUG] versions-maven-plugin.version: 2.16.2
[DEBUG] webjars-locator-core.version: 0.55
[DEBUG] wsdl4j.version: 1.6.3
[DEBUG] xml-maven-plugin.version: 1.1.0
[DEBUG] xmlunit2.version: 2.9.1
[DEBUG] yasson.version: 3.0.3
[DEBUG] Using 'UTF-8' encoding to copy filtered resources.
[DEBUG] Using 'UTF-8' encoding to copy filtered properties files.
[DEBUG] resource with targetPath null
directory D:\Expense_Tracker-Spring-boot-And-React--main\src\main\resources
excludes []
includes [**/application*.yml, **/application*.yaml, **/application*.properties]
[DEBUG] ignoreDelta true
[INFO] Copying 1 resource from src\main\resources to target\classes
[DEBUG] Copying file application.properties
[DEBUG] file application.properties has a filtered file extension
[DEBUG] Using 'UTF-8' encoding to copy filtered resource 'application.properties'.
[DEBUG] filtering D:\Expense_Tracker-Spring-boot-And-React--main\src\main\resources\application.properties to D:\Expense_Tracker-Spring-boot-And-React--main\target\classes\application.properties
[DEBUG] resource with targetPath null
directory D:\Expense_Tracker-Spring-boot-And-React--main\src\main\resources
excludes [**/application*.yml, **/application*.yaml, **/application*.properties]
includes []
[DEBUG] ignoreDelta true
[INFO] Copying 0 resource from src\main\resources to target\classes
[DEBUG] no user filter components
[INFO] 
[INFO] --- compiler:3.13.0:compile (default-compile) @ personal-finance-tracker ---
[DEBUG] Dependency collection stats {ConflictMarker.analyzeTime=30200, ConflictMarker.markTime=13600, ConflictMarker.nodeCount=22, ConflictIdSorter.graphTime=13200, ConflictIdSorter.topsortTime=14100, ConflictIdSorter.conflictIdCount=14, ConflictIdSorter.conflictIdCycleCount=0, ConflictResolver.totalTime=101400, ConflictResolver.conflictItemCount=22, DfDependencyCollector.collectTime=37927700, DfDependencyCollector.transformTime=185400}
[DEBUG] org.apache.maven.plugins:maven-compiler-plugin:jar:3.13.0
[DEBUG]    org.apache.maven.shared:maven-shared-utils:jar:3.4.2:compile
[DEBUG]       org.slf4j:slf4j-api:jar:1.7.36:compile
[DEBUG]       commons-io:commons-io:jar:2.11.0:compile
[DEBUG]    org.apache.maven.shared:maven-shared-incremental:jar:1.1:compile
[DEBUG]    org.codehaus.plexus:plexus-java:jar:1.2.0:compile
[DEBUG]       org.ow2.asm:asm:jar:9.6:compile
[DEBUG]       com.thoughtworks.qdox:qdox:jar:2.0.3:compile
[DEBUG]    org.codehaus.plexus:plexus-compiler-api:jar:2.15.0:compile
[DEBUG]    org.codehaus.plexus:plexus-compiler-manager:jar:2.15.0:compile
[DEBUG]       javax.inject:javax.inject:jar:1:compile
[DEBUG]       org.codehaus.plexus:plexus-xml:jar:3.0.0:compile (version managed from default)
[DEBUG]    org.codehaus.plexus:plexus-compiler-javac:jar:2.15.0:runtime
[DEBUG]    org.codehaus.plexus:plexus-utils:jar:4.0.0:compile
[DEBUG] Created new class realm plugin>org.apache.maven.plugins:maven-compiler-plugin:3.13.0
[DEBUG] Importing foreign packages into class realm plugin>org.apache.maven.plugins:maven-compiler-plugin:3.13.0
[DEBUG]   Imported:  < maven.api
[DEBUG] Populating class realm plugin>org.apache.maven.plugins:maven-compiler-plugin:3.13.0
[DEBUG]   Included: org.apache.maven.plugins:maven-compiler-plugin:jar:3.13.0
[DEBUG]   Included: org.apache.maven.shared:maven-shared-utils:jar:3.4.2
[DEBUG]   Included: commons-io:commons-io:jar:2.11.0
[DEBUG]   Included: org.apache.maven.shared:maven-shared-incremental:jar:1.1
[DEBUG]   Included: org.codehaus.plexus:plexus-java:jar:1.2.0
[DEBUG]   Included: org.ow2.asm:asm:jar:9.6
[DEBUG]   Included: com.thoughtworks.qdox:qdox:jar:2.0.3
[DEBUG]   Included: org.codehaus.plexus:plexus-compiler-api:jar:2.15.0
[DEBUG]   Included: org.codehaus.plexus:plexus-compiler-manager:jar:2.15.0
[DEBUG]   Included: org.codehaus.plexus:plexus-xml:jar:3.0.0
[DEBUG]   Included: org.codehaus.plexus:plexus-compiler-javac:jar:2.15.0
[DEBUG]   Included: org.codehaus.plexus:plexus-utils:jar:4.0.0
[DEBUG] Loading mojo org.apache.maven.plugins:maven-compiler-plugin:3.13.0:compile from plugin realm ClassRealm[plugin>org.apache.maven.plugins:maven-compiler-plugin:3.13.0, parent: jdk.internal.loader.ClassLoaders$AppClassLoader@5bc2b487]
[DEBUG] Configuring mojo execution 'org.apache.maven.plugins:maven-compiler-plugin:3.13.0:compile:default-compile' with basic configurator -->
[DEBUG]   (f) annotationProcessorPathsUseDepMgmt = false
[DEBUG]   (f) basedir = D:\Expense_Tracker-Spring-boot-And-React--main
[DEBUG]   (f) buildDirectory = D:\Expense_Tracker-Spring-boot-And-React--main\target
[DEBUG]   (f) compilePath = [D:\Expense_Tracker-Spring-boot-And-React--main\target\classes, C:\Users\Asus\.m2\repository\org\springframework\boot\spring-boot-starter-data-jpa\3.2.4\spring-boot-starter-data-jpa-3.2.4.jar, C:\Users\Asus\.m2\repository\org\springframework\boot\spring-boot-starter-jdbc\3.2.4\spring-boot-starter-jdbc-3.2.4.jar, C:\Users\Asus\.m2\repository\com\zaxxer\HikariCP\5.0.1\HikariCP-5.0.1.jar, C:\Users\Asus\.m2\repository\org\springframework\spring-jdbc\6.1.5\spring-jdbc-6.1.5.jar, C:\Users\Asus\.m2\repository\org\hibernate\orm\hibernate-core\6.4.4.Final\hibernate-core-6.4.4.Final.jar, C:\Users\Asus\.m2\repository\jakarta\persistence\jakarta.persistence-api\3.1.0\jakarta.persistence-api-3.1.0.jar, C:\Users\Asus\.m2\repository\jakarta\transaction\jakarta.transaction-api\2.0.1\jakarta.transaction-api-2.0.1.jar, C:\Users\Asus\.m2\repository\org\jboss\logging\jboss-logging\3.5.3.Final\jboss-logging-3.5.3.Final.jar, C:\Users\Asus\.m2\repository\com\fasterxml\classmate\1.6.0\classmate-1.6.0.jar, C:\Users\Asus\.m2\repository\org\antlr\antlr4-runtime\4.13.0\antlr4-runtime-4.13.0.jar, C:\Users\Asus\.m2\repository\org\springframework\data\spring-data-jpa\3.2.4\spring-data-jpa-3.2.4.jar, C:\Users\Asus\.m2\repository\org\springframework\data\spring-data-commons\3.2.4\spring-data-commons-3.2.4.jar, C:\Users\Asus\.m2\repository\org\springframework\spring-orm\6.1.5\spring-orm-6.1.5.jar, C:\Users\Asus\.m2\repository\org\springframework\spring-context\6.1.5\spring-context-6.1.5.jar, C:\Users\Asus\.m2\repository\org\springframework\spring-tx\6.1.5\spring-tx-6.1.5.jar, C:\Users\Asus\.m2\repository\org\springframework\spring-beans\6.1.5\spring-beans-6.1.5.jar, C:\Users\Asus\.m2\repository\jakarta\annotation\jakarta.annotation-api\2.1.1\jakarta.annotation-api-2.1.1.jar, C:\Users\Asus\.m2\repository\org\springframework\spring-aspects\6.1.5\spring-aspects-6.1.5.jar, C:\Users\Asus\.m2\repository\org\springframework\boot\spring-boot-starter-aop\3.2.4\spring-boot-starter-aop-3.2.4.jar, C:\Users\Asus\.m2\repository\org\springframework\boot\spring-boot-starter\3.2.4\spring-boot-starter-3.2.4.jar, C:\Users\Asus\.m2\repository\org\springframework\boot\spring-boot\3.2.4\spring-boot-3.2.4.jar, C:\Users\Asus\.m2\repository\org\springframework\boot\spring-boot-autoconfigure\3.2.4\spring-boot-autoconfigure-3.2.4.jar, C:\Users\Asus\.m2\repository\org\springframework\boot\spring-boot-starter-logging\3.2.4\spring-boot-starter-logging-3.2.4.jar, C:\Users\Asus\.m2\repository\ch\qos\logback\logback-classic\1.4.14\logback-classic-1.4.14.jar, C:\Users\Asus\.m2\repository\ch\qos\logback\logback-core\1.4.14\logback-core-1.4.14.jar, C:\Users\Asus\.m2\repository\org\apache\logging\log4j\log4j-to-slf4j\2.21.1\log4j-to-slf4j-2.21.1.jar, C:\Users\Asus\.m2\repository\org\apache\logging\log4j\log4j-api\2.21.1\log4j-api-2.21.1.jar, C:\Users\Asus\.m2\repository\org\slf4j\jul-to-slf4j\2.0.12\jul-to-slf4j-2.0.12.jar, C:\Users\Asus\.m2\repository\org\yaml\snakeyaml\2.2\snakeyaml-2.2.jar, C:\Users\Asus\.m2\repository\org\springframework\spring-aop\6.1.5\spring-aop-6.1.5.jar, C:\Users\Asus\.m2\repository\org\aspectj\aspectjweaver\1.9.21\aspectjweaver-1.9.21.jar, C:\Users\Asus\.m2\repository\org\springframework\data\spring-data-envers\3.2.4\spring-data-envers-3.2.4.jar, C:\Users\Asus\.m2\repository\org\hibernate\orm\hibernate-envers\6.4.4.Final\hibernate-envers-6.4.4.Final.jar, C:\Users\Asus\.m2\repository\org\slf4j\slf4j-api\2.0.12\slf4j-api-2.0.12.jar, C:\Users\Asus\.m2\repository\org\springframework\boot\spring-boot-starter-security\3.2.4\spring-boot-starter-security-3.2.4.jar, C:\Users\Asus\.m2\repository\org\springframework\security\spring-security-config\6.2.3\spring-security-config-6.2.3.jar, C:\Users\Asus\.m2\repository\org\springframework\security\spring-security-web\6.2.3\spring-security-web-6.2.3.jar, C:\Users\Asus\.m2\repository\org\springframework\spring-expression\6.1.5\spring-expression-6.1.5.jar, C:\Users\Asus\.m2\repository\org\springframework\boot\spring-boot-starter-web\3.2.4\spring-boot-starter-web-3.2.4.jar, C:\Users\Asus\.m2\repository\org\springframework\boot\spring-boot-starter-json\3.2.4\spring-boot-starter-json-3.2.4.jar, C:\Users\Asus\.m2\repository\com\fasterxml\jackson\datatype\jackson-datatype-jdk8\2.15.4\jackson-datatype-jdk8-2.15.4.jar, C:\Users\Asus\.m2\repository\com\fasterxml\jackson\datatype\jackson-datatype-jsr310\2.15.4\jackson-datatype-jsr310-2.15.4.jar, C:\Users\Asus\.m2\repository\com\fasterxml\jackson\module\jackson-module-parameter-names\2.15.4\jackson-module-parameter-names-2.15.4.jar, C:\Users\Asus\.m2\repository\org\springframework\boot\spring-boot-starter-tomcat\3.2.4\spring-boot-starter-tomcat-3.2.4.jar, C:\Users\Asus\.m2\repository\org\apache\tomcat\embed\tomcat-embed-core\10.1.19\tomcat-embed-core-10.1.19.jar, C:\Users\Asus\.m2\repository\org\apache\tomcat\embed\tomcat-embed-websocket\10.1.19\tomcat-embed-websocket-10.1.19.jar, C:\Users\Asus\.m2\repository\org\springframework\spring-web\6.1.5\spring-web-6.1.5.jar, C:\Users\Asus\.m2\repository\io\micrometer\micrometer-observation\1.12.4\micrometer-observation-1.12.4.jar, C:\Users\Asus\.m2\repository\io\micrometer\micrometer-commons\1.12.4\micrometer-commons-1.12.4.jar, C:\Users\Asus\.m2\repository\org\springframework\spring-webmvc\6.1.5\spring-webmvc-6.1.5.jar, C:\Users\Asus\.m2\repository\org\springframework\boot\spring-boot-starter-validation\3.2.4\spring-boot-starter-validation-3.2.4.jar, C:\Users\Asus\.m2\repository\org\apache\tomcat\embed\tomcat-embed-el\10.1.19\tomcat-embed-el-10.1.19.jar, C:\Users\Asus\.m2\repository\org\hibernate\validator\hibernate-validator\8.0.1.Final\hibernate-validator-8.0.1.Final.jar, C:\Users\Asus\.m2\repository\jakarta\validation\jakarta.validation-api\3.0.2\jakarta.validation-api-3.0.2.jar, C:\Users\Asus\.m2\repository\org\springframework\boot\spring-boot-starter-oauth2-client\3.2.4\spring-boot-starter-oauth2-client-3.2.4.jar, C:\Users\Asus\.m2\repository\org\springframework\security\spring-security-core\6.2.3\spring-security-core-6.2.3.jar, C:\Users\Asus\.m2\repository\org\springframework\security\spring-security-crypto\6.2.3\spring-security-crypto-6.2.3.jar, C:\Users\Asus\.m2\repository\org\springframework\security\spring-security-oauth2-client\6.2.3\spring-security-oauth2-client-6.2.3.jar, C:\Users\Asus\.m2\repository\org\springframework\security\spring-security-oauth2-core\6.2.3\spring-security-oauth2-core-6.2.3.jar, C:\Users\Asus\.m2\repository\com\nimbusds\oauth2-oidc-sdk\9.43.3\oauth2-oidc-sdk-9.43.3.jar, C:\Users\Asus\.m2\repository\com\github\stephenc\jcip\jcip-annotations\1.0-1\jcip-annotations-1.0-1.jar, C:\Users\Asus\.m2\repository\com\nimbusds\content-type\2.2\content-type-2.2.jar, C:\Users\Asus\.m2\repository\com\nimbusds\lang-tag\1.7\lang-tag-1.7.jar, C:\Users\Asus\.m2\repository\org\springframework\security\spring-security-oauth2-jose\6.2.3\spring-security-oauth2-jose-6.2.3.jar, C:\Users\Asus\.m2\repository\com\nimbusds\nimbus-jose-jwt\9.24.4\nimbus-jose-jwt-9.24.4.jar, C:\Users\Asus\.m2\repository\org\projectlombok\lombok\1.18.30\lombok-1.18.30.jar, C:\Users\Asus\.m2\repository\io\jsonwebtoken\jjwt-api\0.11.5\jjwt-api-0.11.5.jar, C:\Users\Asus\.m2\repository\com\fasterxml\jackson\core\jackson-databind\2.15.4\jackson-databind-2.15.4.jar, C:\Users\Asus\.m2\repository\com\fasterxml\jackson\core\jackson-annotations\2.15.4\jackson-annotations-2.15.4.jar, C:\Users\Asus\.m2\repository\com\google\api-client\google-api-client\2.6.0\google-api-client-2.6.0.jar, C:\Users\Asus\.m2\repository\commons-codec\commons-codec\1.16.1\commons-codec-1.16.1.jar, C:\Users\Asus\.m2\repository\com\google\oauth-client\google-oauth-client\1.36.0\google-oauth-client-1.36.0.jar, C:\Users\Asus\.m2\repository\com\google\auth\google-auth-library-credentials\1.23.0\google-auth-library-credentials-1.23.0.jar, C:\Users\Asus\.m2\repository\com\google\auth\google-auth-library-oauth2-http\1.23.0\google-auth-library-oauth2-http-1.23.0.jar, C:\Users\Asus\.m2\repository\com\google\auto\value\auto-value-annotations\1.10.4\auto-value-annotations-1.10.4.jar, C:\Users\Asus\.m2\repository\com\google\errorprone\error_prone_annotations\2.18.0\error_prone_annotations-2.18.0.jar, C:\Users\Asus\.m2\repository\com\google\http-client\google-http-client-gson\1.44.2\google-http-client-gson-1.44.2.jar, C:\Users\Asus\.m2\repository\com\google\code\gson\gson\2.10.1\gson-2.10.1.jar, C:\Users\Asus\.m2\repository\com\google\guava\guava\33.1.0-jre\guava-33.1.0-jre.jar, C:\Users\Asus\.m2\repository\com\google\guava\failureaccess\1.0.2\failureaccess-1.0.2.jar, C:\Users\Asus\.m2\repository\com\google\guava\listenablefuture\9999.0-empty-to-avoid-conflict-with-guava\listenablefuture-9999.0-empty-to-avoid-conflict-with-guava.jar, C:\Users\Asus\.m2\repository\org\checkerframework\checker-qual\3.42.0\checker-qual-3.42.0.jar, C:\Users\Asus\.m2\repository\com\google\j2objc\j2objc-annotations\3.0.0\j2objc-annotations-3.0.0.jar, C:\Users\Asus\.m2\repository\com\google\http-client\google-http-client-apache-v2\1.44.2\google-http-client-apache-v2-1.44.2.jar, C:\Users\Asus\.m2\repository\org\apache\httpcomponents\httpcore\4.4.16\httpcore-4.4.16.jar, C:\Users\Asus\.m2\repository\org\apache\httpcomponents\httpclient\4.5.14\httpclient-4.5.14.jar, C:\Users\Asus\.m2\repository\commons-logging\commons-logging\1.2\commons-logging-1.2.jar, C:\Users\Asus\.m2\repository\com\google\http-client\google-http-client\1.44.2\google-http-client-1.44.2.jar, C:\Users\Asus\.m2\repository\io\grpc\grpc-context\1.60.1\grpc-context-1.60.1.jar, C:\Users\Asus\.m2\repository\io\opencensus\opencensus-api\0.31.1\opencensus-api-0.31.1.jar, C:\Users\Asus\.m2\repository\io\opencensus\opencensus-contrib-http-util\0.31.1\opencensus-contrib-http-util-0.31.1.jar, C:\Users\Asus\.m2\repository\com\google\http-client\google-http-client-jackson2\1.44.2\google-http-client-jackson2-1.44.2.jar, C:\Users\Asus\.m2\repository\com\fasterxml\jackson\core\jackson-core\2.15.4\jackson-core-2.15.4.jar, C:\Users\Asus\.m2\repository\com\opencsv\opencsv\5.9\opencsv-5.9.jar, C:\Users\Asus\.m2\repository\org\apache\commons\commons-lang3\3.13.0\commons-lang3-3.13.0.jar, C:\Users\Asus\.m2\repository\org\apache\commons\commons-text\1.11.0\commons-text-1.11.0.jar, C:\Users\Asus\.m2\repository\commons-beanutils\commons-beanutils\1.9.4\commons-beanutils-1.9.4.jar, C:\Users\Asus\.m2\repository\commons-collections\commons-collections\3.2.2\commons-collections-3.2.2.jar, C:\Users\Asus\.m2\repository\org\apache\commons\commons-collections4\4.4\commons-collections4-4.4.jar, C:\Users\Asus\.m2\repository\com\github\librepdf\openpdf\1.3.30\openpdf-1.3.30.jar, C:\Users\Asus\.m2\repository\com\google\code\findbugs\jsr305\3.0.2\jsr305-3.0.2.jar, C:\Users\Asus\.m2\repository\net\minidev\json-smart\2.5.0\json-smart-2.5.0.jar, C:\Users\Asus\.m2\repository\net\minidev\accessors-smart\2.5.0\accessors-smart-2.5.0.jar, C:\Users\Asus\.m2\repository\org\ow2\asm\asm\9.3\asm-9.3.jar, C:\Users\Asus\.m2\repository\org\springframework\spring-core\6.1.5\spring-core-6.1.5.jar, C:\Users\Asus\.m2\repository\org\springframework\spring-jcl\6.1.5\spring-jcl-6.1.5.jar]
[DEBUG]   (f) compileSourceRoots = [D:\Expense_Tracker-Spring-boot-And-React--main\src\main\java]
[DEBUG]   (f) compilerArgs = [-parameters]
[DEBUG]   (f) compilerId = javac
[DEBUG]   (f) createMissingPackageInfoClass = true
[DEBUG]   (f) debug = true
[DEBUG]   (f) debugFileName = javac
[DEBUG]   (f) enablePreview = false
[DEBUG]   (f) encoding = UTF-8
[DEBUG]   (f) failOnError = true
[DEBUG]   (f) failOnWarning = false
[DEBUG]   (f) fileExtensions = [jar, class]
[DEBUG]   (f) forceJavacCompilerUse = false
[DEBUG]   (f) forceLegacyJavacApi = false
[DEBUG]   (f) fork = false
[DEBUG]   (f) generatedSourcesDirectory = D:\Expense_Tracker-Spring-boot-And-React--main\target\generated-sources\annotations
[DEBUG]   (f) mojoExecution = org.apache.maven.plugins:maven-compiler-plugin:3.13.0:compile {execution: default-compile}
[DEBUG]   (f) optimize = false
[DEBUG]   (f) outputDirectory = D:\Expense_Tracker-Spring-boot-And-React--main\target\classes
[DEBUG]   (f) parameters = true
[DEBUG]   (f) project = MavenProject: com.financetracker:personal-finance-tracker:0.0.1-SNAPSHOT @ D:\Expense_Tracker-Spring-boot-And-React--main\pom.xml
[DEBUG]   (f) projectArtifact = com.financetracker:personal-finance-tracker:jar:0.0.1-SNAPSHOT
[DEBUG]   (s) release = 21
[DEBUG]   (f) session = org.apache.maven.execution.MavenSession@a96d56c
[DEBUG]   (f) showCompilationChanges = false
[DEBUG]   (f) showDeprecation = false
[DEBUG]   (f) showWarnings = true
[DEBUG]   (f) skipMultiThreadWarning = false
[DEBUG]   (f) source = 1.8
[DEBUG]   (f) staleMillis = 0
[DEBUG]   (s) target = 1.8
[DEBUG]   (f) useIncrementalCompilation = true
[DEBUG]   (f) verbose = false
[DEBUG] -- end configuration --
[DEBUG] Using compiler 'javac'.
[DEBUG] Adding D:\Expense_Tracker-Spring-boot-And-React--main\target\generated-sources\annotations to compile source roots:
  D:\Expense_Tracker-Spring-boot-And-React--main\src\main\java
[DEBUG] New compile source roots:
  D:\Expense_Tracker-Spring-boot-And-React--main\src\main\java
  D:\Expense_Tracker-Spring-boot-And-React--main\target\generated-sources\annotations
[DEBUG] CompilerReuseStrategy: reuseCreated
[DEBUG] useIncrementalCompilation enabled
[INFO] 	Stale source detected: D:\Expense_Tracker-Spring-boot-And-React--main\src\main\java\com\financetracker\config\SecurityConfig.java
[INFO] 	Stale source detected: D:\Expense_Tracker-Spring-boot-And-React--main\src\main\java\com\financetracker\repository\BudgetRepository.java
[INFO] 	Stale source detected: D:\Expense_Tracker-Spring-boot-And-React--main\src\main\java\com\financetracker\config\WebConfig.java
[INFO] 	Stale source detected: D:\Expense_Tracker-Spring-boot-And-React--main\src\main\java\com\financetracker\controller\GoogleAuthController.java
[INFO] 	Stale source detected: D:\Expense_Tracker-Spring-boot-And-React--main\src\main\java\com\financetracker\controller\AuthController.java
[INFO] 	Stale source detected: D:\Expense_Tracker-Spring-boot-And-React--main\src\main\java\com\financetracker\controller\TransactionController.java
[INFO] 	Stale source detected: D:\Expense_Tracker-Spring-boot-And-React--main\src\main\java\com\financetracker\dto\CategorySpendingComparisonDTO.java
[INFO] 	Stale source detected: D:\Expense_Tracker-Spring-boot-And-React--main\src\main\java\com\financetracker\exception\InsufficientBalanceException.java
[INFO] 	Stale source detected: D:\Expense_Tracker-Spring-boot-And-React--main\src\main\java\com\financetracker\dto\MonthlyIncomeExpenseDTO.java
[INFO] 	Stale source detected: D:\Expense_Tracker-Spring-boot-And-React--main\src\main\java\com\financetracker\security\TokenProvider.java
[INFO] 	Stale source detected: D:\Expense_Tracker-Spring-boot-And-React--main\src\main\java\com\financetracker\dto\AuditLogDTO.java
[INFO] 	Stale source detected: D:\Expense_Tracker-Spring-boot-And-React--main\src\main\java\com\financetracker\dto\JwtAuthenticationResponse.java
[INFO] 	Stale source detected: D:\Expense_Tracker-Spring-boot-And-React--main\src\main\java\com\financetracker\controller\AIInsightsController.java
[INFO] 	Stale source detected: D:\Expense_Tracker-Spring-boot-And-React--main\src\main\java\com\financetracker\dto\CsvImportResultDTO.java
[INFO] 	Stale source detected: D:\Expense_Tracker-Spring-boot-And-React--main\src\main\java\com\financetracker\dto\GoogleAuthResponse.java
[INFO] 	Stale source detected: D:\Expense_Tracker-Spring-boot-And-React--main\src\main\java\com\financetracker\repository\TransactionRepository.java
[INFO] 	Stale source detected: D:\Expense_Tracker-Spring-boot-And-React--main\src\main\java\com\financetracker\config\DataInitializer.java
[INFO] 	Stale source detected: D:\Expense_Tracker-Spring-boot-And-React--main\src\main\java\com\financetracker\dto\CategoryTotalDTO.java
[INFO] 	Stale source detected: D:\Expense_Tracker-Spring-boot-And-React--main\src\main\java\com\financetracker\service\ImportService.java
[INFO] 	Stale source detected: D:\Expense_Tracker-Spring-boot-And-React--main\src\main\java\com\financetracker\task\RecurringTask.java
[INFO] 	Stale source detected: D:\Expense_Tracker-Spring-boot-And-React--main\src\main\java\com\financetracker\entity\Budget.java
[INFO] 	Stale source detected: D:\Expense_Tracker-Spring-boot-And-React--main\src\main\java\com\financetracker\service\BudgetService.java
[INFO] 	Stale source detected: D:\Expense_Tracker-Spring-boot-And-React--main\src\main\java\com\financetracker\entity\RecurringTransaction.java
[INFO] 	Stale source detected: D:\Expense_Tracker-Spring-boot-And-React--main\src\main\java\com\financetracker\security\CustomUserDetailsService.java
[INFO] 	Stale source detected: D:\Expense_Tracker-Spring-boot-And-React--main\src\main\java\com\financetracker\exception\GlobalExceptionHandler.java
[INFO] 	Stale source detected: D:\Expense_Tracker-Spring-boot-And-React--main\src\main\java\com\financetracker\config\PersistenceConfig.java
[INFO] 	Stale source detected: D:\Expense_Tracker-Spring-boot-And-React--main\src\main\java\com\financetracker\controller\ExportController.java
[INFO] 	Stale source detected: D:\Expense_Tracker-Spring-boot-And-React--main\src\main\java\com\financetracker\controller\ImportController.java
[INFO] 	Stale source detected: D:\Expense_Tracker-Spring-boot-And-React--main\src\main\java\com\financetracker\service\GoogleAuthService.java
[INFO] 	Stale source detected: D:\Expense_Tracker-Spring-boot-And-React--main\src\main\java\com\financetracker\dto\AuditDTO.java
[INFO] 	Stale source detected: D:\Expense_Tracker-Spring-boot-And-React--main\src\main\java\com\financetracker\dto\CsvTransactionDTO.java
[INFO] 	Stale source detected: D:\Expense_Tracker-Spring-boot-And-React--main\src\main\java\com\financetracker\repository\UserRepository.java
[INFO] 	Stale source detected: D:\Expense_Tracker-Spring-boot-And-React--main\src\main\java\com\financetracker\service\GeminiService.java
[INFO] 	Stale source detected: D:\Expense_Tracker-Spring-boot-And-React--main\src\main\java\com\financetracker\dto\DailySpendingDTO.java
[INFO] 	Stale source detected: D:\Expense_Tracker-Spring-boot-And-React--main\src\main\java\com\financetracker\config\PasswordConfig.java
[INFO] 	Stale source detected: D:\Expense_Tracker-Spring-boot-And-React--main\src\main\java\com\financetracker\dto\LoginRequest.java
[INFO] 	Stale source detected: D:\Expense_Tracker-Spring-boot-And-React--main\src\main\java\com\financetracker\controller\BudgetController.java
[INFO] 	Stale source detected: D:\Expense_Tracker-Spring-boot-And-React--main\src\main\java\com\financetracker\exception\ResourceNotFoundException.java
[INFO] 	Stale source detected: D:\Expense_Tracker-Spring-boot-And-React--main\src\main\java\com\financetracker\FinanceTrackerApplication.java
[INFO] 	Stale source detected: D:\Expense_Tracker-Spring-boot-And-React--main\src\main\java\com\financetracker\service\TransactionService.java
[INFO] 	Stale source detected: D:\Expense_Tracker-Spring-boot-And-React--main\src\main\java\com\financetracker\security\JwtAuthenticationFilter.java
[INFO] 	Stale source detected: D:\Expense_Tracker-Spring-boot-And-React--main\src\main\java\com\financetracker\dto\BudgetDTO.java
[INFO] 	Stale source detected: D:\Expense_Tracker-Spring-boot-And-React--main\src\main\java\com\financetracker\entity\Transaction.java
[INFO] 	Stale source detected: D:\Expense_Tracker-Spring-boot-And-React--main\src\main\java\com\financetracker\entity\User.java
[INFO] 	Stale source detected: D:\Expense_Tracker-Spring-boot-And-React--main\src\main\java\com\financetracker\dto\BudgetResponseDTO.java
[INFO] 	Stale source detected: D:\Expense_Tracker-Spring-boot-And-React--main\src\main\java\com\financetracker\dto\SignUpRequest.java
[INFO] 	Stale source detected: D:\Expense_Tracker-Spring-boot-And-React--main\src\main\java\com\financetracker\repository\RecurringTransactionRepository.java
[INFO] 	Stale source detected: D:\Expense_Tracker-Spring-boot-And-React--main\src\main\java\com\financetracker\controller\UserController.java
[INFO] 	Input tree files (+): D:\Expense_Tracker-Spring-boot-And-React--main\src\main\java\com\financetracker\config\DataInitializer.java
[INFO] 	Input tree files (+): D:\Expense_Tracker-Spring-boot-And-React--main\src\main\java\com\financetracker\config\PasswordConfig.java
[INFO] 	Input tree files (+): D:\Expense_Tracker-Spring-boot-And-React--main\src\main\java\com\financetracker\config\PersistenceConfig.java
[INFO] 	Input tree files (+): D:\Expense_Tracker-Spring-boot-And-React--main\src\main\java\com\financetracker\config\SecurityConfig.java
[INFO] 	Input tree files (+): D:\Expense_Tracker-Spring-boot-And-React--main\src\main\java\com\financetracker\config\WebConfig.java
[INFO] 	Input tree files (+): D:\Expense_Tracker-Spring-boot-And-React--main\src\main\java\com\financetracker\controller\AIInsightsController.java
[INFO] 	Input tree files (+): D:\Expense_Tracker-Spring-boot-And-React--main\src\main\java\com\financetracker\controller\AuthController.java
[INFO] 	Input tree files (+): D:\Expense_Tracker-Spring-boot-And-React--main\src\main\java\com\financetracker\controller\BudgetController.java
[INFO] 	Input tree files (+): D:\Expense_Tracker-Spring-boot-And-React--main\src\main\java\com\financetracker\controller\ExportController.java
[INFO] 	Input tree files (+): D:\Expense_Tracker-Spring-boot-And-React--main\src\main\java\com\financetracker\controller\GoogleAuthController.java
[INFO] 	Input tree files (+): D:\Expense_Tracker-Spring-boot-And-React--main\src\main\java\com\financetracker\controller\ImportController.java
[INFO] 	Input tree files (+): D:\Expense_Tracker-Spring-boot-And-React--main\src\main\java\com\financetracker\controller\TransactionController.java
[INFO] 	Input tree files (+): D:\Expense_Tracker-Spring-boot-And-React--main\src\main\java\com\financetracker\controller\UserController.java
[INFO] 	Input tree files (+): D:\Expense_Tracker-Spring-boot-And-React--main\src\main\java\com\financetracker\dto\AuditDTO.java
[INFO] 	Input tree files (+): D:\Expense_Tracker-Spring-boot-And-React--main\src\main\java\com\financetracker\dto\AuditLogDTO.java
[INFO] 	Input tree files (+): D:\Expense_Tracker-Spring-boot-And-React--main\src\main\java\com\financetracker\dto\BudgetDTO.java
[INFO] 	Input tree files (+): D:\Expense_Tracker-Spring-boot-And-React--main\src\main\java\com\financetracker\dto\BudgetResponseDTO.java
[INFO] 	Input tree files (+): D:\Expense_Tracker-Spring-boot-And-React--main\src\main\java\com\financetracker\dto\CategorySpendingComparisonDTO.java
[INFO] 	Input tree files (+): D:\Expense_Tracker-Spring-boot-And-React--main\src\main\java\com\financetracker\dto\CategoryTotalDTO.java
[INFO] 	Input tree files (+): D:\Expense_Tracker-Spring-boot-And-React--main\src\main\java\com\financetracker\dto\CsvImportResultDTO.java
[INFO] 	Input tree files (+): D:\Expense_Tracker-Spring-boot-And-React--main\src\main\java\com\financetracker\dto\CsvTransactionDTO.java
[INFO] 	Input tree files (+): D:\Expense_Tracker-Spring-boot-And-React--main\src\main\java\com\financetracker\dto\DailySpendingDTO.java
[INFO] 	Input tree files (+): D:\Expense_Tracker-Spring-boot-And-React--main\src\main\java\com\financetracker\dto\GoogleAuthResponse.java
[INFO] 	Input tree files (+): D:\Expense_Tracker-Spring-boot-And-React--main\src\main\java\com\financetracker\dto\JwtAuthenticationResponse.java
[INFO] 	Input tree files (+): D:\Expense_Tracker-Spring-boot-And-React--main\src\main\java\com\financetracker\dto\LoginRequest.java
[INFO] 	Input tree files (+): D:\Expense_Tracker-Spring-boot-And-React--main\src\main\java\com\financetracker\dto\MonthlyIncomeExpenseDTO.java
[INFO] 	Input tree files (+): D:\Expense_Tracker-Spring-boot-And-React--main\src\main\java\com\financetracker\dto\SignUpRequest.java
[INFO] 	Input tree files (+): D:\Expense_Tracker-Spring-boot-And-React--main\src\main\java\com\financetracker\entity\Budget.java
[INFO] 	Input tree files (+): D:\Expense_Tracker-Spring-boot-And-React--main\src\main\java\com\financetracker\entity\RecurringTransaction.java
[INFO] 	Input tree files (+): D:\Expense_Tracker-Spring-boot-And-React--main\src\main\java\com\financetracker\entity\Transaction.java
[INFO] 	Input tree files (+): D:\Expense_Tracker-Spring-boot-And-React--main\src\main\java\com\financetracker\entity\User.java
[INFO] 	Input tree files (+): D:\Expense_Tracker-Spring-boot-And-React--main\src\main\java\com\financetracker\exception\GlobalExceptionHandler.java
[INFO] 	Input tree files (+): D:\Expense_Tracker-Spring-boot-And-React--main\src\main\java\com\financetracker\exception\InsufficientBalanceException.java
[INFO] 	Input tree files (+): D:\Expense_Tracker-Spring-boot-And-React--main\src\main\java\com\financetracker\exception\ResourceNotFoundException.java
[INFO] 	Input tree files (+): D:\Expense_Tracker-Spring-boot-And-React--main\src\main\java\com\financetracker\FinanceTrackerApplication.java
[INFO] 	Input tree files (+): D:\Expense_Tracker-Spring-boot-And-React--main\src\main\java\com\financetracker\repository\BudgetRepository.java
[INFO] 	Input tree files (+): D:\Expense_Tracker-Spring-boot-And-React--main\src\main\java\com\financetracker\repository\RecurringTransactionRepository.java
[INFO] 	Input tree files (+): D:\Expense_Tracker-Spring-boot-And-React--main\src\main\java\com\financetracker\repository\TransactionRepository.java
[INFO] 	Input tree files (+): D:\Expense_Tracker-Spring-boot-And-React--main\src\main\java\com\financetracker\repository\UserRepository.java
[INFO] 	Input tree files (+): D:\Expense_Tracker-Spring-boot-And-React--main\src\main\java\com\financetracker\security\CustomUserDetailsService.java
[INFO] 	Input tree files (+): D:\Expense_Tracker-Spring-boot-And-React--main\src\main\java\com\financetracker\security\JwtAuthenticationFilter.java
[INFO] 	Input tree files (+): D:\Expense_Tracker-Spring-boot-And-React--main\src\main\java\com\financetracker\security\TokenProvider.java
[INFO] 	Input tree files (+): D:\Expense_Tracker-Spring-boot-And-React--main\src\main\java\com\financetracker\service\BudgetService.java
[INFO] 	Input tree files (+): D:\Expense_Tracker-Spring-boot-And-React--main\src\main\java\com\financetracker\service\GeminiService.java
[INFO] 	Input tree files (+): D:\Expense_Tracker-Spring-boot-And-React--main\src\main\java\com\financetracker\service\GoogleAuthService.java
[INFO] 	Input tree files (+): D:\Expense_Tracker-Spring-boot-And-React--main\src\main\java\com\financetracker\service\ImportService.java
[INFO] 	Input tree files (+): D:\Expense_Tracker-Spring-boot-And-React--main\src\main\java\com\financetracker\service\TransactionService.java
[INFO] 	Input tree files (+): D:\Expense_Tracker-Spring-boot-And-React--main\src\main\java\com\financetracker\task\RecurringTask.java
[INFO] Recompiling the module because of changed source code.
[DEBUG] Classpath:
[DEBUG]  D:\Expense_Tracker-Spring-boot-And-React--main\target\classes
[DEBUG]  C:\Users\Asus\.m2\repository\org\springframework\boot\spring-boot-starter-data-jpa\3.2.4\spring-boot-starter-data-jpa-3.2.4.jar
[DEBUG]  C:\Users\Asus\.m2\repository\org\springframework\boot\spring-boot-starter-jdbc\3.2.4\spring-boot-starter-jdbc-3.2.4.jar
[DEBUG]  C:\Users\Asus\.m2\repository\com\zaxxer\HikariCP\5.0.1\HikariCP-5.0.1.jar
[DEBUG]  C:\Users\Asus\.m2\repository\org\springframework\spring-jdbc\6.1.5\spring-jdbc-6.1.5.jar
[DEBUG]  C:\Users\Asus\.m2\repository\org\hibernate\orm\hibernate-core\6.4.4.Final\hibernate-core-6.4.4.Final.jar
[DEBUG]  C:\Users\Asus\.m2\repository\jakarta\persistence\jakarta.persistence-api\3.1.0\jakarta.persistence-api-3.1.0.jar
[DEBUG]  C:\Users\Asus\.m2\repository\jakarta\transaction\jakarta.transaction-api\2.0.1\jakarta.transaction-api-2.0.1.jar
[DEBUG]  C:\Users\Asus\.m2\repository\org\jboss\logging\jboss-logging\3.5.3.Final\jboss-logging-3.5.3.Final.jar
[DEBUG]  C:\Users\Asus\.m2\repository\com\fasterxml\classmate\1.6.0\classmate-1.6.0.jar
[DEBUG]  C:\Users\Asus\.m2\repository\org\antlr\antlr4-runtime\4.13.0\antlr4-runtime-4.13.0.jar
[DEBUG]  C:\Users\Asus\.m2\repository\org\springframework\data\spring-data-jpa\3.2.4\spring-data-jpa-3.2.4.jar
[DEBUG]  C:\Users\Asus\.m2\repository\org\springframework\data\spring-data-commons\3.2.4\spring-data-commons-3.2.4.jar
[DEBUG]  C:\Users\Asus\.m2\repository\org\springframework\spring-orm\6.1.5\spring-orm-6.1.5.jar
[DEBUG]  C:\Users\Asus\.m2\repository\org\springframework\spring-context\6.1.5\spring-context-6.1.5.jar
[DEBUG]  C:\Users\Asus\.m2\repository\org\springframework\spring-tx\6.1.5\spring-tx-6.1.5.jar
[DEBUG]  C:\Users\Asus\.m2\repository\org\springframework\spring-beans\6.1.5\spring-beans-6.1.5.jar
[DEBUG]  C:\Users\Asus\.m2\repository\jakarta\annotation\jakarta.annotation-api\2.1.1\jakarta.annotation-api-2.1.1.jar
[DEBUG]  C:\Users\Asus\.m2\repository\org\springframework\spring-aspects\6.1.5\spring-aspects-6.1.5.jar
[DEBUG]  C:\Users\Asus\.m2\repository\org\springframework\boot\spring-boot-starter-aop\3.2.4\spring-boot-starter-aop-3.2.4.jar
[DEBUG]  C:\Users\Asus\.m2\repository\org\springframework\boot\spring-boot-starter\3.2.4\spring-boot-starter-3.2.4.jar
[DEBUG]  C:\Users\Asus\.m2\repository\org\springframework\boot\spring-boot\3.2.4\spring-boot-3.2.4.jar
[DEBUG]  C:\Users\Asus\.m2\repository\org\springframework\boot\spring-boot-autoconfigure\3.2.4\spring-boot-autoconfigure-3.2.4.jar
[DEBUG]  C:\Users\Asus\.m2\repository\org\springframework\boot\spring-boot-starter-logging\3.2.4\spring-boot-starter-logging-3.2.4.jar
[DEBUG]  C:\Users\Asus\.m2\repository\ch\qos\logback\logback-classic\1.4.14\logback-classic-1.4.14.jar
[DEBUG]  C:\Users\Asus\.m2\repository\ch\qos\logback\logback-core\1.4.14\logback-core-1.4.14.jar
[DEBUG]  C:\Users\Asus\.m2\repository\org\apache\logging\log4j\log4j-to-slf4j\2.21.1\log4j-to-slf4j-2.21.1.jar
[DEBUG]  C:\Users\Asus\.m2\repository\org\apache\logging\log4j\log4j-api\2.21.1\log4j-api-2.21.1.jar
[DEBUG]  C:\Users\Asus\.m2\repository\org\slf4j\jul-to-slf4j\2.0.12\jul-to-slf4j-2.0.12.jar
[DEBUG]  C:\Users\Asus\.m2\repository\org\yaml\snakeyaml\2.2\snakeyaml-2.2.jar
[DEBUG]  C:\Users\Asus\.m2\repository\org\springframework\spring-aop\6.1.5\spring-aop-6.1.5.jar
[DEBUG]  C:\Users\Asus\.m2\repository\org\aspectj\aspectjweaver\1.9.21\aspectjweaver-1.9.21.jar
[DEBUG]  C:\Users\Asus\.m2\repository\org\springframework\data\spring-data-envers\3.2.4\spring-data-envers-3.2.4.jar
[DEBUG]  C:\Users\Asus\.m2\repository\org\hibernate\orm\hibernate-envers\6.4.4.Final\hibernate-envers-6.4.4.Final.jar
[DEBUG]  C:\Users\Asus\.m2\repository\org\slf4j\slf4j-api\2.0.12\slf4j-api-2.0.12.jar
[DEBUG]  C:\Users\Asus\.m2\repository\org\springframework\boot\spring-boot-starter-security\3.2.4\spring-boot-starter-security-3.2.4.jar
[DEBUG]  C:\Users\Asus\.m2\repository\org\springframework\security\spring-security-config\6.2.3\spring-security-config-6.2.3.jar
[DEBUG]  C:\Users\Asus\.m2\repository\org\springframework\security\spring-security-web\6.2.3\spring-security-web-6.2.3.jar
[DEBUG]  C:\Users\Asus\.m2\repository\org\springframework\spring-expression\6.1.5\spring-expression-6.1.5.jar
[DEBUG]  C:\Users\Asus\.m2\repository\org\springframework\boot\spring-boot-starter-web\3.2.4\spring-boot-starter-web-3.2.4.jar
[DEBUG]  C:\Users\Asus\.m2\repository\org\springframework\boot\spring-boot-starter-json\3.2.4\spring-boot-starter-json-3.2.4.jar
[DEBUG]  C:\Users\Asus\.m2\repository\com\fasterxml\jackson\datatype\jackson-datatype-jdk8\2.15.4\jackson-datatype-jdk8-2.15.4.jar
[DEBUG]  C:\Users\Asus\.m2\repository\com\fasterxml\jackson\datatype\jackson-datatype-jsr310\2.15.4\jackson-datatype-jsr310-2.15.4.jar
[DEBUG]  C:\Users\Asus\.m2\repository\com\fasterxml\jackson\module\jackson-module-parameter-names\2.15.4\jackson-module-parameter-names-2.15.4.jar
[DEBUG]  C:\Users\Asus\.m2\repository\org\springframework\boot\spring-boot-starter-tomcat\3.2.4\spring-boot-starter-tomcat-3.2.4.jar
[DEBUG]  C:\Users\Asus\.m2\repository\org\apache\tomcat\embed\tomcat-embed-core\10.1.19\tomcat-embed-core-10.1.19.jar
[DEBUG]  C:\Users\Asus\.m2\repository\org\apache\tomcat\embed\tomcat-embed-websocket\10.1.19\tomcat-embed-websocket-10.1.19.jar
[DEBUG]  C:\Users\Asus\.m2\repository\org\springframework\spring-web\6.1.5\spring-web-6.1.5.jar
[DEBUG]  C:\Users\Asus\.m2\repository\io\micrometer\micrometer-observation\1.12.4\micrometer-observation-1.12.4.jar
[DEBUG]  C:\Users\Asus\.m2\repository\io\micrometer\micrometer-commons\1.12.4\micrometer-commons-1.12.4.jar
[DEBUG]  C:\Users\Asus\.m2\repository\org\springframework\spring-webmvc\6.1.5\spring-webmvc-6.1.5.jar
[DEBUG]  C:\Users\Asus\.m2\repository\org\springframework\boot\spring-boot-starter-validation\3.2.4\spring-boot-starter-validation-3.2.4.jar
[DEBUG]  C:\Users\Asus\.m2\repository\org\apache\tomcat\embed\tomcat-embed-el\10.1.19\tomcat-embed-el-10.1.19.jar
[DEBUG]  C:\Users\Asus\.m2\repository\org\hibernate\validator\hibernate-validator\8.0.1.Final\hibernate-validator-8.0.1.Final.jar
[DEBUG]  C:\Users\Asus\.m2\repository\jakarta\validation\jakarta.validation-api\3.0.2\jakarta.validation-api-3.0.2.jar
[DEBUG]  C:\Users\Asus\.m2\repository\org\springframework\boot\spring-boot-starter-oauth2-client\3.2.4\spring-boot-starter-oauth2-client-3.2.4.jar
[DEBUG]  C:\Users\Asus\.m2\repository\org\springframework\security\spring-security-core\6.2.3\spring-security-core-6.2.3.jar
[DEBUG]  C:\Users\Asus\.m2\repository\org\springframework\security\spring-security-crypto\6.2.3\spring-security-crypto-6.2.3.jar
[DEBUG]  C:\Users\Asus\.m2\repository\org\springframework\security\spring-security-oauth2-client\6.2.3\spring-security-oauth2-client-6.2.3.jar
[DEBUG]  C:\Users\Asus\.m2\repository\org\springframework\security\spring-security-oauth2-core\6.2.3\spring-security-oauth2-core-6.2.3.jar
[DEBUG]  C:\Users\Asus\.m2\repository\com\nimbusds\oauth2-oidc-sdk\9.43.3\oauth2-oidc-sdk-9.43.3.jar
[DEBUG]  C:\Users\Asus\.m2\repository\com\github\stephenc\jcip\jcip-annotations\1.0-1\jcip-annotations-1.0-1.jar
[DEBUG]  C:\Users\Asus\.m2\repository\com\nimbusds\content-type\2.2\content-type-2.2.jar
[DEBUG]  C:\Users\Asus\.m2\repository\com\nimbusds\lang-tag\1.7\lang-tag-1.7.jar
[DEBUG]  C:\Users\Asus\.m2\repository\org\springframework\security\spring-security-oauth2-jose\6.2.3\spring-security-oauth2-jose-6.2.3.jar
[DEBUG]  C:\Users\Asus\.m2\repository\com\nimbusds\nimbus-jose-jwt\9.24.4\nimbus-jose-jwt-9.24.4.jar
[DEBUG]  C:\Users\Asus\.m2\repository\org\projectlombok\lombok\1.18.30\lombok-1.18.30.jar
[DEBUG]  C:\Users\Asus\.m2\repository\io\jsonwebtoken\jjwt-api\0.11.5\jjwt-api-0.11.5.jar
[DEBUG]  C:\Users\Asus\.m2\repository\com\fasterxml\jackson\core\jackson-databind\2.15.4\jackson-databind-2.15.4.jar
[DEBUG]  C:\Users\Asus\.m2\repository\com\fasterxml\jackson\core\jackson-annotations\2.15.4\jackson-annotations-2.15.4.jar
[DEBUG]  C:\Users\Asus\.m2\repository\com\google\api-client\google-api-client\2.6.0\google-api-client-2.6.0.jar
[DEBUG]  C:\Users\Asus\.m2\repository\commons-codec\commons-codec\1.16.1\commons-codec-1.16.1.jar
[DEBUG]  C:\Users\Asus\.m2\repository\com\google\oauth-client\google-oauth-client\1.36.0\google-oauth-client-1.36.0.jar
[DEBUG]  C:\Users\Asus\.m2\repository\com\google\auth\google-auth-library-credentials\1.23.0\google-auth-library-credentials-1.23.0.jar
[DEBUG]  C:\Users\Asus\.m2\repository\com\google\auth\google-auth-library-oauth2-http\1.23.0\google-auth-library-oauth2-http-1.23.0.jar
[DEBUG]  C:\Users\Asus\.m2\repository\com\google\auto\value\auto-value-annotations\1.10.4\auto-value-annotations-1.10.4.jar
[DEBUG]  C:\Users\Asus\.m2\repository\com\google\errorprone\error_prone_annotations\2.18.0\error_prone_annotations-2.18.0.jar
[DEBUG]  C:\Users\Asus\.m2\repository\com\google\http-client\google-http-client-gson\1.44.2\google-http-client-gson-1.44.2.jar
[DEBUG]  C:\Users\Asus\.m2\repository\com\google\code\gson\gson\2.10.1\gson-2.10.1.jar
[DEBUG]  C:\Users\Asus\.m2\repository\com\google\guava\guava\33.1.0-jre\guava-33.1.0-jre.jar
[DEBUG]  C:\Users\Asus\.m2\repository\com\google\guava\failureaccess\1.0.2\failureaccess-1.0.2.jar
[DEBUG]  C:\Users\Asus\.m2\repository\com\google\guava\listenablefuture\9999.0-empty-to-avoid-conflict-with-guava\listenablefuture-9999.0-empty-to-avoid-conflict-with-guava.jar
[DEBUG]  C:\Users\Asus\.m2\repository\org\checkerframework\checker-qual\3.42.0\checker-qual-3.42.0.jar
[DEBUG]  C:\Users\Asus\.m2\repository\com\google\j2objc\j2objc-annotations\3.0.0\j2objc-annotations-3.0.0.jar
[DEBUG]  C:\Users\Asus\.m2\repository\com\google\http-client\google-http-client-apache-v2\1.44.2\google-http-client-apache-v2-1.44.2.jar
[DEBUG]  C:\Users\Asus\.m2\repository\org\apache\httpcomponents\httpcore\4.4.16\httpcore-4.4.16.jar
[DEBUG]  C:\Users\Asus\.m2\repository\org\apache\httpcomponents\httpclient\4.5.14\httpclient-4.5.14.jar
[DEBUG]  C:\Users\Asus\.m2\repository\commons-logging\commons-logging\1.2\commons-logging-1.2.jar
[DEBUG]  C:\Users\Asus\.m2\repository\com\google\http-client\google-http-client\1.44.2\google-http-client-1.44.2.jar
[DEBUG]  C:\Users\Asus\.m2\repository\io\grpc\grpc-context\1.60.1\grpc-context-1.60.1.jar
[DEBUG]  C:\Users\Asus\.m2\repository\io\opencensus\opencensus-api\0.31.1\opencensus-api-0.31.1.jar
[DEBUG]  C:\Users\Asus\.m2\repository\io\opencensus\opencensus-contrib-http-util\0.31.1\opencensus-contrib-http-util-0.31.1.jar
[DEBUG]  C:\Users\Asus\.m2\repository\com\google\http-client\google-http-client-jackson2\1.44.2\google-http-client-jackson2-1.44.2.jar
[DEBUG]  C:\Users\Asus\.m2\repository\com\fasterxml\jackson\core\jackson-core\2.15.4\jackson-core-2.15.4.jar
[DEBUG]  C:\Users\Asus\.m2\repository\com\opencsv\opencsv\5.9\opencsv-5.9.jar
[DEBUG]  C:\Users\Asus\.m2\repository\org\apache\commons\commons-lang3\3.13.0\commons-lang3-3.13.0.jar
[DEBUG]  C:\Users\Asus\.m2\repository\org\apache\commons\commons-text\1.11.0\commons-text-1.11.0.jar
[DEBUG]  C:\Users\Asus\.m2\repository\commons-beanutils\commons-beanutils\1.9.4\commons-beanutils-1.9.4.jar
[DEBUG]  C:\Users\Asus\.m2\repository\commons-collections\commons-collections\3.2.2\commons-collections-3.2.2.jar
[DEBUG]  C:\Users\Asus\.m2\repository\org\apache\commons\commons-collections4\4.4\commons-collections4-4.4.jar
[DEBUG]  C:\Users\Asus\.m2\repository\com\github\librepdf\openpdf\1.3.30\openpdf-1.3.30.jar
[DEBUG]  C:\Users\Asus\.m2\repository\com\google\code\findbugs\jsr305\3.0.2\jsr305-3.0.2.jar
[DEBUG]  C:\Users\Asus\.m2\repository\net\minidev\json-smart\2.5.0\json-smart-2.5.0.jar
[DEBUG]  C:\Users\Asus\.m2\repository\net\minidev\accessors-smart\2.5.0\accessors-smart-2.5.0.jar
[DEBUG]  C:\Users\Asus\.m2\repository\org\ow2\asm\asm\9.3\asm-9.3.jar
[DEBUG]  C:\Users\Asus\.m2\repository\org\springframework\spring-core\6.1.5\spring-core-6.1.5.jar
[DEBUG]  C:\Users\Asus\.m2\repository\org\springframework\spring-jcl\6.1.5\spring-jcl-6.1.5.jar
[DEBUG] Source roots:
[DEBUG]  D:\Expense_Tracker-Spring-boot-And-React--main\src\main\java
[DEBUG]  D:\Expense_Tracker-Spring-boot-And-React--main\target\generated-sources\annotations
[DEBUG] Command line options:
[DEBUG] -d D:\Expense_Tracker-Spring-boot-And-React--main\target\classes -classpath D:\Expense_Tracker-Spring-boot-And-React--main\target\classes;C:\Users\Asus\.m2\repository\org\springframework\boot\spring-boot-starter-data-jpa\3.2.4\spring-boot-starter-data-jpa-3.2.4.jar;C:\Users\Asus\.m2\repository\org\springframework\boot\spring-boot-starter-jdbc\3.2.4\spring-boot-starter-jdbc-3.2.4.jar;C:\Users\Asus\.m2\repository\com\zaxxer\HikariCP\5.0.1\HikariCP-5.0.1.jar;C:\Users\Asus\.m2\repository\org\springframework\spring-jdbc\6.1.5\spring-jdbc-6.1.5.jar;C:\Users\Asus\.m2\repository\org\hibernate\orm\hibernate-core\6.4.4.Final\hibernate-core-6.4.4.Final.jar;C:\Users\Asus\.m2\repository\jakarta\persistence\jakarta.persistence-api\3.1.0\jakarta.persistence-api-3.1.0.jar;C:\Users\Asus\.m2\repository\jakarta\transaction\jakarta.transaction-api\2.0.1\jakarta.transaction-api-2.0.1.jar;C:\Users\Asus\.m2\repository\org\jboss\logging\jboss-logging\3.5.3.Final\jboss-logging-3.5.3.Final.jar;C:\Users\Asus\.m2\repository\com\fasterxml\classmate\1.6.0\classmate-1.6.0.jar;C:\Users\Asus\.m2\repository\org\antlr\antlr4-runtime\4.13.0\antlr4-runtime-4.13.0.jar;C:\Users\Asus\.m2\repository\org\springframework\data\spring-data-jpa\3.2.4\spring-data-jpa-3.2.4.jar;C:\Users\Asus\.m2\repository\org\springframework\data\spring-data-commons\3.2.4\spring-data-commons-3.2.4.jar;C:\Users\Asus\.m2\repository\org\springframework\spring-orm\6.1.5\spring-orm-6.1.5.jar;C:\Users\Asus\.m2\repository\org\springframework\spring-context\6.1.5\spring-context-6.1.5.jar;C:\Users\Asus\.m2\repository\org\springframework\spring-tx\6.1.5\spring-tx-6.1.5.jar;C:\Users\Asus\.m2\repository\org\springframework\spring-beans\6.1.5\spring-beans-6.1.5.jar;C:\Users\Asus\.m2\repository\jakarta\annotation\jakarta.annotation-api\2.1.1\jakarta.annotation-api-2.1.1.jar;C:\Users\Asus\.m2\repository\org\springframework\spring-aspects\6.1.5\spring-aspects-6.1.5.jar;C:\Users\Asus\.m2\repository\org\springframework\boot\spring-boot-starter-aop\3.2.4\spring-boot-starter-aop-3.2.4.jar;C:\Users\Asus\.m2\repository\org\springframework\boot\spring-boot-starter\3.2.4\spring-boot-starter-3.2.4.jar;C:\Users\Asus\.m2\repository\org\springframework\boot\spring-boot\3.2.4\spring-boot-3.2.4.jar;C:\Users\Asus\.m2\repository\org\springframework\boot\spring-boot-autoconfigure\3.2.4\spring-boot-autoconfigure-3.2.4.jar;C:\Users\Asus\.m2\repository\org\springframework\boot\spring-boot-starter-logging\3.2.4\spring-boot-starter-logging-3.2.4.jar;C:\Users\Asus\.m2\repository\ch\qos\logback\logback-classic\1.4.14\logback-classic-1.4.14.jar;C:\Users\Asus\.m2\repository\ch\qos\logback\logback-core\1.4.14\logback-core-1.4.14.jar;C:\Users\Asus\.m2\repository\org\apache\logging\log4j\log4j-to-slf4j\2.21.1\log4j-to-slf4j-2.21.1.jar;C:\Users\Asus\.m2\repository\org\apache\logging\log4j\log4j-api\2.21.1\log4j-api-2.21.1.jar;C:\Users\Asus\.m2\repository\org\slf4j\jul-to-slf4j\2.0.12\jul-to-slf4j-2.0.12.jar;C:\Users\Asus\.m2\repository\org\yaml\snakeyaml\2.2\snakeyaml-2.2.jar;C:\Users\Asus\.m2\repository\org\springframework\spring-aop\6.1.5\spring-aop-6.1.5.jar;C:\Users\Asus\.m2\repository\org\aspectj\aspectjweaver\1.9.21\aspectjweaver-1.9.21.jar;C:\Users\Asus\.m2\repository\org\springframework\data\spring-data-envers\3.2.4\spring-data-envers-3.2.4.jar;C:\Users\Asus\.m2\repository\org\hibernate\orm\hibernate-envers\6.4.4.Final\hibernate-envers-6.4.4.Final.jar;C:\Users\Asus\.m2\repository\org\slf4j\slf4j-api\2.0.12\slf4j-api-2.0.12.jar;C:\Users\Asus\.m2\repository\org\springframework\boot\spring-boot-starter-security\3.2.4\spring-boot-starter-security-3.2.4.jar;C:\Users\Asus\.m2\repository\org\springframework\security\spring-security-config\6.2.3\spring-security-config-6.2.3.jar;C:\Users\Asus\.m2\repository\org\springframework\security\spring-security-web\6.2.3\spring-security-web-6.2.3.jar;C:\Users\Asus\.m2\repository\org\springframework\spring-expression\6.1.5\spring-expression-6.1.5.jar;C:\Users\Asus\.m2\repository\org\springframework\boot\spring-boot-starter-web\3.2.4\spring-boot-starter-web-3.2.4.jar;C:\Users\Asus\.m2\repository\org\springframework\boot\spring-boot-starter-json\3.2.4\spring-boot-starter-json-3.2.4.jar;C:\Users\Asus\.m2\repository\com\fasterxml\jackson\datatype\jackson-datatype-jdk8\2.15.4\jackson-datatype-jdk8-2.15.4.jar;C:\Users\Asus\.m2\repository\com\fasterxml\jackson\datatype\jackson-datatype-jsr310\2.15.4\jackson-datatype-jsr310-2.15.4.jar;C:\Users\Asus\.m2\repository\com\fasterxml\jackson\module\jackson-module-parameter-names\2.15.4\jackson-module-parameter-names-2.15.4.jar;C:\Users\Asus\.m2\repository\org\springframework\boot\spring-boot-starter-tomcat\3.2.4\spring-boot-starter-tomcat-3.2.4.jar;C:\Users\Asus\.m2\repository\org\apache\tomcat\embed\tomcat-embed-core\10.1.19\tomcat-embed-core-10.1.19.jar;C:\Users\Asus\.m2\repository\org\apache\tomcat\embed\tomcat-embed-websocket\10.1.19\tomcat-embed-websocket-10.1.19.jar;C:\Users\Asus\.m2\repository\org\springframework\spring-web\6.1.5\spring-web-6.1.5.jar;C:\Users\Asus\.m2\repository\io\micrometer\micrometer-observation\1.12.4\micrometer-observation-1.12.4.jar;C:\Users\Asus\.m2\repository\io\micrometer\micrometer-commons\1.12.4\micrometer-commons-1.12.4.jar;C:\Users\Asus\.m2\repository\org\springframework\spring-webmvc\6.1.5\spring-webmvc-6.1.5.jar;C:\Users\Asus\.m2\repository\org\springframework\boot\spring-boot-starter-validation\3.2.4\spring-boot-starter-validation-3.2.4.jar;C:\Users\Asus\.m2\repository\org\apache\tomcat\embed\tomcat-embed-el\10.1.19\tomcat-embed-el-10.1.19.jar;C:\Users\Asus\.m2\repository\org\hibernate\validator\hibernate-validator\8.0.1.Final\hibernate-validator-8.0.1.Final.jar;C:\Users\Asus\.m2\repository\jakarta\validation\jakarta.validation-api\3.0.2\jakarta.validation-api-3.0.2.jar;C:\Users\Asus\.m2\repository\org\springframework\boot\spring-boot-starter-oauth2-client\3.2.4\spring-boot-starter-oauth2-client-3.2.4.jar;C:\Users\Asus\.m2\repository\org\springframework\security\spring-security-core\6.2.3\spring-security-core-6.2.3.jar;C:\Users\Asus\.m2\repository\org\springframework\security\spring-security-crypto\6.2.3\spring-security-crypto-6.2.3.jar;C:\Users\Asus\.m2\repository\org\springframework\security\spring-security-oauth2-client\6.2.3\spring-security-oauth2-client-6.2.3.jar;C:\Users\Asus\.m2\repository\org\springframework\security\spring-security-oauth2-core\6.2.3\spring-security-oauth2-core-6.2.3.jar;C:\Users\Asus\.m2\repository\com\nimbusds\oauth2-oidc-sdk\9.43.3\oauth2-oidc-sdk-9.43.3.jar;C:\Users\Asus\.m2\repository\com\github\stephenc\jcip\jcip-annotations\1.0-1\jcip-annotations-1.0-1.jar;C:\Users\Asus\.m2\repository\com\nimbusds\content-type\2.2\content-type-2.2.jar;C:\Users\Asus\.m2\repository\com\nimbusds\lang-tag\1.7\lang-tag-1.7.jar;C:\Users\Asus\.m2\repository\org\springframework\security\spring-security-oauth2-jose\6.2.3\spring-security-oauth2-jose-6.2.3.jar;C:\Users\Asus\.m2\repository\com\nimbusds\nimbus-jose-jwt\9.24.4\nimbus-jose-jwt-9.24.4.jar;C:\Users\Asus\.m2\repository\org\projectlombok\lombok\1.18.30\lombok-1.18.30.jar;C:\Users\Asus\.m2\repository\io\jsonwebtoken\jjwt-api\0.11.5\jjwt-api-0.11.5.jar;C:\Users\Asus\.m2\repository\com\fasterxml\jackson\core\jackson-databind\2.15.4\jackson-databind-2.15.4.jar;C:\Users\Asus\.m2\repository\com\fasterxml\jackson\core\jackson-annotations\2.15.4\jackson-annotations-2.15.4.jar;C:\Users\Asus\.m2\repository\com\google\api-client\google-api-client\2.6.0\google-api-client-2.6.0.jar;C:\Users\Asus\.m2\repository\commons-codec\commons-codec\1.16.1\commons-codec-1.16.1.jar;C:\Users\Asus\.m2\repository\com\google\oauth-client\google-oauth-client\1.36.0\google-oauth-client-1.36.0.jar;C:\Users\Asus\.m2\repository\com\google\auth\google-auth-library-credentials\1.23.0\google-auth-library-credentials-1.23.0.jar;C:\Users\Asus\.m2\repository\com\google\auth\google-auth-library-oauth2-http\1.23.0\google-auth-library-oauth2-http-1.23.0.jar;C:\Users\Asus\.m2\repository\com\google\auto\value\auto-value-annotations\1.10.4\auto-value-annotations-1.10.4.jar;C:\Users\Asus\.m2\repository\com\google\errorprone\error_prone_annotations\2.18.0\error_prone_annotations-2.18.0.jar;C:\Users\Asus\.m2\repository\com\google\http-client\google-http-client-gson\1.44.2\google-http-client-gson-1.44.2.jar;C:\Users\Asus\.m2\repository\com\google\code\gson\gson\2.10.1\gson-2.10.1.jar;C:\Users\Asus\.m2\repository\com\google\guava\guava\33.1.0-jre\guava-33.1.0-jre.jar;C:\Users\Asus\.m2\repository\com\google\guava\failureaccess\1.0.2\failureaccess-1.0.2.jar;C:\Users\Asus\.m2\repository\com\google\guava\listenablefuture\9999.0-empty-to-avoid-conflict-with-guava\listenablefuture-9999.0-empty-to-avoid-conflict-with-guava.jar;C:\Users\Asus\.m2\repository\org\checkerframework\checker-qual\3.42.0\checker-qual-3.42.0.jar;C:\Users\Asus\.m2\repository\com\google\j2objc\j2objc-annotations\3.0.0\j2objc-annotations-3.0.0.jar;C:\Users\Asus\.m2\repository\com\google\http-client\google-http-client-apache-v2\1.44.2\google-http-client-apache-v2-1.44.2.jar;C:\Users\Asus\.m2\repository\org\apache\httpcomponents\httpcore\4.4.16\httpcore-4.4.16.jar;C:\Users\Asus\.m2\repository\org\apache\httpcomponents\httpclient\4.5.14\httpclient-4.5.14.jar;C:\Users\Asus\.m2\repository\commons-logging\commons-logging\1.2\commons-logging-1.2.jar;C:\Users\Asus\.m2\repository\com\google\http-client\google-http-client\1.44.2\google-http-client-1.44.2.jar;C:\Users\Asus\.m2\repository\io\grpc\grpc-context\1.60.1\grpc-context-1.60.1.jar;C:\Users\Asus\.m2\repository\io\opencensus\opencensus-api\0.31.1\opencensus-api-0.31.1.jar;C:\Users\Asus\.m2\repository\io\opencensus\opencensus-contrib-http-util\0.31.1\opencensus-contrib-http-util-0.31.1.jar;C:\Users\Asus\.m2\repository\com\google\http-client\google-http-client-jackson2\1.44.2\google-http-client-jackson2-1.44.2.jar;C:\Users\Asus\.m2\repository\com\fasterxml\jackson\core\jackson-core\2.15.4\jackson-core-2.15.4.jar;C:\Users\Asus\.m2\repository\com\opencsv\opencsv\5.9\opencsv-5.9.jar;C:\Users\Asus\.m2\repository\org\apache\commons\commons-lang3\3.13.0\commons-lang3-3.13.0.jar;C:\Users\Asus\.m2\repository\org\apache\commons\commons-text\1.11.0\commons-text-1.11.0.jar;C:\Users\Asus\.m2\repository\commons-beanutils\commons-beanutils\1.9.4\commons-beanutils-1.9.4.jar;C:\Users\Asus\.m2\repository\commons-collections\commons-collections\3.2.2\commons-collections-3.2.2.jar;C:\Users\Asus\.m2\repository\org\apache\commons\commons-collections4\4.4\commons-collections4-4.4.jar;C:\Users\Asus\.m2\repository\com\github\librepdf\openpdf\1.3.30\openpdf-1.3.30.jar;C:\Users\Asus\.m2\repository\com\google\code\findbugs\jsr305\3.0.2\jsr305-3.0.2.jar;C:\Users\Asus\.m2\repository\net\minidev\json-smart\2.5.0\json-smart-2.5.0.jar;C:\Users\Asus\.m2\repository\net\minidev\accessors-smart\2.5.0\accessors-smart-2.5.0.jar;C:\Users\Asus\.m2\repository\org\ow2\asm\asm\9.3\asm-9.3.jar;C:\Users\Asus\.m2\repository\org\springframework\spring-core\6.1.5\spring-core-6.1.5.jar;C:\Users\Asus\.m2\repository\org\springframework\spring-jcl\6.1.5\spring-jcl-6.1.5.jar; -sourcepath D:\Expense_Tracker-Spring-boot-And-React--main\src\main\java;D:\Expense_Tracker-Spring-boot-And-React--main\target\generated-sources\annotations; -s D:\Expense_Tracker-Spring-boot-And-React--main\target\generated-sources\annotations -g -parameters --release 21 -encoding UTF-8 -parameters -XDuseUnsharedTable=true
[DEBUG] incrementalBuildHelper#beforeRebuildExecution
[INFO] Compiling 48 source files with javac [debug parameters release 21] to target\classes
[DEBUG] incrementalBuildHelper#afterRebuildExecution
[INFO] /D:/Expense_Tracker-Spring-boot-And-React--main/src/main/java/com/financetracker/service/GoogleAuthService.java: D:\Expense_Tracker-Spring-boot-And-React--main\src\main\java\com\financetracker\service\GoogleAuthService.java uses or overrides a deprecated API.
[INFO] /D:/Expense_Tracker-Spring-boot-And-React--main/src/main/java/com/financetracker/service/GoogleAuthService.java: Recompile with -Xlint:deprecation for details.
[INFO] /D:/Expense_Tracker-Spring-boot-And-React--main/src/main/java/com/financetracker/service/GeminiService.java: D:\Expense_Tracker-Spring-boot-And-React--main\src\main\java\com\financetracker\service\GeminiService.java uses unchecked or unsafe operations.
[INFO] /D:/Expense_Tracker-Spring-boot-And-React--main/src/main/java/com/financetracker/service/GeminiService.java: Recompile with -Xlint:unchecked for details.
[INFO] ------------------------------------------------------------------------
[INFO] BUILD SUCCESS
[INFO] ------------------------------------------------------------------------
[INFO] Total time:  2.997 s
[INFO] Finished at: 2026-04-22T03:07:25+05:30
[INFO] ------------------------------------------------------------------------
[DEBUG] Shutting down adapter factory; available factories [file-lock, rwlock-local, semaphore-local, noop]; available name mappers [discriminating, file-gaecv, file-gav, file-hgaecv, file-hgav, file-static, gaecv, gav, static]
[DEBUG] Shutting down 'file-lock' factory
[DEBUG] Shutting down 'rwlock-local' factory
[DEBUG] Shutting down 'semaphore-local' factory
[DEBUG] Shutting down 'noop' factory
